Archive member included to satisfy reference by file (symbol)

/opt/st/stm32cubeide_1.12.0/plugins/com.st.stm32cube.ide.mcu.externaltools.gnu-tools-for-stm32.10.3-2021.10.linux64_1.0.200.202301161003/tools/bin/../lib/gcc/arm-none-eabi/10.3.1/../../../../arm-none-eabi/lib/thumb/v7e-m+fp/hard/libc_nano.a(lib_a-errno.o)
                              ./Core/Src/syscalls.o (__errno)
/opt/st/stm32cubeide_1.12.0/plugins/com.st.stm32cube.ide.mcu.externaltools.gnu-tools-for-stm32.10.3-2021.10.linux64_1.0.200.202301161003/tools/bin/../lib/gcc/arm-none-eabi/10.3.1/../../../../arm-none-eabi/lib/thumb/v7e-m+fp/hard/libc_nano.a(lib_a-exit.o)
                              /opt/st/stm32cubeide_1.12.0/plugins/com.st.stm32cube.ide.mcu.externaltools.gnu-tools-for-stm32.10.3-2021.10.linux64_1.0.200.202301161003/tools/bin/../lib/gcc/arm-none-eabi/10.3.1/../../../../arm-none-eabi/lib/thumb/v7e-m+fp/hard/crt0.o (exit)
/opt/st/stm32cubeide_1.12.0/plugins/com.st.stm32cube.ide.mcu.externaltools.gnu-tools-for-stm32.10.3-2021.10.linux64_1.0.200.202301161003/tools/bin/../lib/gcc/arm-none-eabi/10.3.1/../../../../arm-none-eabi/lib/thumb/v7e-m+fp/hard/libc_nano.a(lib_a-impure.o)
                              /opt/st/stm32cubeide_1.12.0/plugins/com.st.stm32cube.ide.mcu.externaltools.gnu-tools-for-stm32.10.3-2021.10.linux64_1.0.200.202301161003/tools/bin/../lib/gcc/arm-none-eabi/10.3.1/../../../../arm-none-eabi/lib/thumb/v7e-m+fp/hard/libc_nano.a(lib_a-exit.o) (_global_impure_ptr)
/opt/st/stm32cubeide_1.12.0/plugins/com.st.stm32cube.ide.mcu.externaltools.gnu-tools-for-stm32.10.3-2021.10.linux64_1.0.200.202301161003/tools/bin/../lib/gcc/arm-none-eabi/10.3.1/../../../../arm-none-eabi/lib/thumb/v7e-m+fp/hard/libc_nano.a(lib_a-init.o)
                              /opt/st/stm32cubeide_1.12.0/plugins/com.st.stm32cube.ide.mcu.externaltools.gnu-tools-for-stm32.10.3-2021.10.linux64_1.0.200.202301161003/tools/bin/../lib/gcc/arm-none-eabi/10.3.1/../../../../arm-none-eabi/lib/thumb/v7e-m+fp/hard/crt0.o (__libc_init_array)
/opt/st/stm32cubeide_1.12.0/plugins/com.st.stm32cube.ide.mcu.externaltools.gnu-tools-for-stm32.10.3-2021.10.linux64_1.0.200.202301161003/tools/bin/../lib/gcc/arm-none-eabi/10.3.1/../../../../arm-none-eabi/lib/thumb/v7e-m+fp/hard/libc_nano.a(lib_a-malloc.o)
                              ./nRF24L01p/nrf24l01p.o (malloc)
/opt/st/stm32cubeide_1.12.0/plugins/com.st.stm32cube.ide.mcu.externaltools.gnu-tools-for-stm32.10.3-2021.10.linux64_1.0.200.202301161003/tools/bin/../lib/gcc/arm-none-eabi/10.3.1/../../../../arm-none-eabi/lib/thumb/v7e-m+fp/hard/libc_nano.a(lib_a-memset.o)
                              /opt/st/stm32cubeide_1.12.0/plugins/com.st.stm32cube.ide.mcu.externaltools.gnu-tools-for-stm32.10.3-2021.10.linux64_1.0.200.202301161003/tools/bin/../lib/gcc/arm-none-eabi/10.3.1/../../../../arm-none-eabi/lib/thumb/v7e-m+fp/hard/crt0.o (memset)
/opt/st/stm32cubeide_1.12.0/plugins/com.st.stm32cube.ide.mcu.externaltools.gnu-tools-for-stm32.10.3-2021.10.linux64_1.0.200.202301161003/tools/bin/../lib/gcc/arm-none-eabi/10.3.1/../../../../arm-none-eabi/lib/thumb/v7e-m+fp/hard/libc_nano.a(lib_a-nano-freer.o)
                              /opt/st/stm32cubeide_1.12.0/plugins/com.st.stm32cube.ide.mcu.externaltools.gnu-tools-for-stm32.10.3-2021.10.linux64_1.0.200.202301161003/tools/bin/../lib/gcc/arm-none-eabi/10.3.1/../../../../arm-none-eabi/lib/thumb/v7e-m+fp/hard/libc_nano.a(lib_a-malloc.o) (_free_r)
/opt/st/stm32cubeide_1.12.0/plugins/com.st.stm32cube.ide.mcu.externaltools.gnu-tools-for-stm32.10.3-2021.10.linux64_1.0.200.202301161003/tools/bin/../lib/gcc/arm-none-eabi/10.3.1/../../../../arm-none-eabi/lib/thumb/v7e-m+fp/hard/libc_nano.a(lib_a-nano-mallocr.o)
                              /opt/st/stm32cubeide_1.12.0/plugins/com.st.stm32cube.ide.mcu.externaltools.gnu-tools-for-stm32.10.3-2021.10.linux64_1.0.200.202301161003/tools/bin/../lib/gcc/arm-none-eabi/10.3.1/../../../../arm-none-eabi/lib/thumb/v7e-m+fp/hard/libc_nano.a(lib_a-malloc.o) (_malloc_r)
/opt/st/stm32cubeide_1.12.0/plugins/com.st.stm32cube.ide.mcu.externaltools.gnu-tools-for-stm32.10.3-2021.10.linux64_1.0.200.202301161003/tools/bin/../lib/gcc/arm-none-eabi/10.3.1/../../../../arm-none-eabi/lib/thumb/v7e-m+fp/hard/libc_nano.a(lib_a-printf.o)
                              ./nRF24L01p/nrf24l01p.o (printf)
/opt/st/stm32cubeide_1.12.0/plugins/com.st.stm32cube.ide.mcu.externaltools.gnu-tools-for-stm32.10.3-2021.10.linux64_1.0.200.202301161003/tools/bin/../lib/gcc/arm-none-eabi/10.3.1/../../../../arm-none-eabi/lib/thumb/v7e-m+fp/hard/libc_nano.a(lib_a-puts.o)
                              ./nRF24L01p/nrf24l01p.o (puts)
/opt/st/stm32cubeide_1.12.0/plugins/com.st.stm32cube.ide.mcu.externaltools.gnu-tools-for-stm32.10.3-2021.10.linux64_1.0.200.202301161003/tools/bin/../lib/gcc/arm-none-eabi/10.3.1/../../../../arm-none-eabi/lib/thumb/v7e-m+fp/hard/libc_nano.a(lib_a-sbrkr.o)
[...]
Memory Configuration

Name             Origin             Length             Attributes
CCMRAM           0x0000000010000000 0x0000000000010000 xrw
RAM              0x0000000020000000 0x0000000000020000 xrw
FLASH            0x0000000008000000 0x0000000000100000 xr
*default*        0x0000000000000000 0xffffffffffffffff

Linker script and memory map

LOAD /opt/st/stm32cubeide_1.12.0/plugins/com.st.stm32cube.ide.mcu.externaltools.gnu-tools-for-stm32.10.3-2021.10.linux64_1.0.200.202301161003/tools/bin/../lib/gcc/arm-none-eabi/10.3.1/thumb/v7e-m+fp/hard/crti.o
LOAD /opt/st/stm32cubeide_1.12.0/plugins/com.st.stm32cube.ide.mcu.externaltools.gnu-tools-for-stm32.10.3-2021.10.linux64_1.0.200.202301161003/tools/bin/../lib/gcc/arm-none-eabi/10.3.1/thumb/v7e-m+fp/hard/crtbegin.o
LOAD /opt/st/stm32cubeide_1.12.0/plugins/com.st.stm32cube.ide.mcu.externaltools.gnu-tools-for-stm32.10.3-2021.10.linux64_1.0.200.202301161003/tools/bin/../lib/gcc/arm-none-eabi/10.3.1/../../../../arm-none-eabi/lib/thumb/v7e-m+fp/hard/crt0.o
LOAD ./Core/Src/dma.o
LOAD ./Core/Src/fast_spi.o
LOAD ./Core/Src/gpio.o
LOAD ./Core/Src/main.o
LOAD ./Core/Src/spi.o
LOAD ./Core/Src/stm32f4xx_hal_msp.o
LOAD ./Core/Src/stm32f4xx_it.o
LOAD ./Core/Src/syscalls.o
LOAD ./Core/Src/sysmem.o
LOAD ./Core/Src/system_stm32f4xx.o
LOAD ./Core/Startup/startup_stm32f407vgtx.o
LOAD ./Drivers/STM32F4xx_HAL_Driver/Src/stm32f4xx_hal.o
LOAD ./Drivers/STM32F4xx_HAL_Driver/Src/stm32f4xx_hal_cortex.o
LOAD ./Drivers/STM32F4xx_HAL_Driver/Src/stm32f4xx_hal_dma.o
LOAD ./Drivers/STM32F4xx_HAL_Driver/Src/stm32f4xx_hal_dma_ex.o
LOAD ./Drivers/STM32F4xx_HAL_Driver/Src/stm32f4xx_hal_exti.o
LOAD ./Drivers/STM32F4xx_HAL_Driver/Src/stm32f4xx_hal_flash.o
LOAD ./Drivers/STM32F4xx_HAL_Driver/Src/stm32f4xx_hal_flash_ex.o
LOAD ./Drivers/STM32F4xx_HAL_Driver/Src/stm32f4xx_hal_flash_ramfunc.o
LOAD ./Drivers/STM32F4xx_HAL_Driver/Src/stm32f4xx_hal_gpio.o
LOAD ./Drivers/STM32F4xx_HAL_Driver/Src/stm32f4xx_hal_pwr.o
LOAD ./Drivers/STM32F4xx_HAL_Driver/Src/stm32f4xx_hal_pwr_ex.o
LOAD ./Drivers/STM32F4xx_HAL_Driver/Src/stm32f4xx_hal_rcc.o
LOAD ./Drivers/STM32F4xx_HAL_Driver/Src/stm32f4xx_hal_rcc_ex.o
LOAD ./Drivers/STM32F4xx_HAL_Driver/Src/stm32f4xx_hal_spi.o
LOAD ./Drivers/STM32F4xx_HAL_Driver/Src/stm32f4xx_hal_tim.o
LOAD ./Drivers/STM32F4xx_HAL_Driver/Src/stm32f4xx_hal_tim_ex.o
LOAD ./nRF24L01p/nrf24l01p.o
START GROUP
LOAD /opt/st/stm32cubeide_1.12.0/plugins/com.st.stm32cube.ide.mcu.externaltools.gnu-tools-for-stm32.10.3-2021.10.linux64_1.0.200.202301161003/tools/bin/../lib/gcc/arm-none-eabi/10.3.1/../../../../arm-none-eabi/lib/thumb/v7e-m+fp/hard/libc_nano.a
LOAD /opt/st/stm32cubeide_1.12.0/plugins/com.st.stm32cube.ide.mcu.externaltools.gnu-tools-for-stm32.10.3-2021.10.linux64_1.0.200.202301161003/tools/bin/../lib/gcc/arm-none-eabi/10.3.1/../../../../arm-none-eabi/lib/thumb/v7e-m+fp/hard/libm.a
END GROUP
START GROUP
LOAD /opt/st/stm32cubeide_1.12.0/plugins/com.st.stm32cube.ide.mcu.externaltools.gnu-tools-for-stm32.10.3-2021.10.linux64_1.0.200.202301161003/tools/bin/../lib/gcc/arm-none-eabi/10.3.1/thumb/v7e-m+fp/hard/libgcc.a
LOAD /opt/st/stm32cubeide_1.12.0/plugins/com.st.stm32cube.ide.mcu.externaltools.gnu-tools-for-stm32.10.3-2021.10.linux64_1.0.200.202301161003/tools/bin/../lib/gcc/arm-none-eabi/10.3.1/../../../../arm-none-eabi/lib/thumb/v7e-m+fp/hard/libc_nano.a
END GROUP
START GROUP
LOAD /opt/st/stm32cubeide_1.12.0/plugins/com.st.stm32cube.ide.mcu.externaltools.gnu-tools-for-stm32.10.3-2021.10.linux64_1.0.200.202301161003/tools/bin/../lib/gcc/arm-none-eabi/10.3.1/thumb/v7e-m+fp/hard/libgcc.a
LOAD /opt/st/stm32cubeide_1.12.0/plugins/com.st.stm32cube.ide.mcu.externaltools.gnu-tools-for-stm32.10.3-2021.10.linux64_1.0.200.202301161003/tools/bin/../lib/gcc/arm-none-eabi/10.3.1/../../../../arm-none-eabi/lib/thumb/v7e-m+fp/hard/libc_nano.a
LOAD /opt/st/stm32cubeide_1.12.0/plugins/com.st.stm32cube.ide.mcu.externaltools.gnu-tools-for-stm32.10.3-2021.10.linux64_1.0.200.202301161003/tools/bin/../lib/gcc/arm-none-eabi/10.3.1/../../../../arm-none-eabi/lib/thumb/v7e-m+fp/hard/libnosys.a
END GROUP
START GROUP
LOAD /opt/st/stm32cubeide_1.12.0/plugins/com.st.stm32cube.ide.mcu.externaltools.gnu-tools-for-stm32.10.3-2021.10.linux64_1.0.200.202301161003/tools/bin/../lib/gcc/arm-none-eabi/10.3.1/thumb/v7e-m+fp/hard/libgcc.a
LOAD /opt/st/stm32cubeide_1.12.0/plugins/com.st.stm32cube.ide.mcu.externaltools.gnu-tools-for-stm32.10.3-2021.10.linux64_1.0.200.202301161003/tools/bin/../lib/gcc/arm-none-eabi/10.3.1/../../../../arm-none-eabi/lib/thumb/v7e-m+fp/hard/libc_nano.a
LOAD /opt/st/stm32cubeide_1.12.0/plugins/com.st.stm32cube.ide.mcu.externaltools.gnu-tools-for-stm32.10.3-2021.10.linux64_1.0.200.202301161003/tools/bin/../lib/gcc/arm-none-eabi/10.3.1/../../../../arm-none-eabi/lib/thumb/v7e-m+fp/hard/libnosys.a
END GROUP
LOAD /opt/st/stm32cubeide_1.12.0/plugins/com.st.stm32cube.ide.mcu.externaltools.gnu-tools-for-stm32.10.3-2021.10.linux64_1.0.200.202301161003/tools/bin/../lib/gcc/arm-none-eabi/10.3.1/thumb/v7e-m+fp/hard/crtend.o
LOAD /opt/st/stm32cubeide_1.12.0/plugins/com.st.stm32cube.ide.mcu.externaltools.gnu-tools-for-stm32.10.3-2021.10.linux64_1.0.200.202301161003/tools/bin/../lib/gcc/arm-none-eabi/10.3.1/thumb/v7e-m+fp/hard/crtn.o
                0x0000000020020000                _estack = (ORIGIN (RAM) + LENGTH (RAM))
                0x0000000000000200                _Min_Heap_Size = 0x200
                0x0000000000000400                _Min_Stack_Size = 0x400

.isr_vector     0x0000000008000000      0x188
                0x0000000008000000                . = ALIGN (0x4)
 *(.isr_vector)
 .isr_vector    0x0000000008000000      0x188 ./Core/Startup/startup_stm32f407vgtx.o
                0x0000000008000000                g_pfnVectors
                0x0000000008000188                . = ALIGN (0x4)

.text           0x0000000008000190     0x5458
                0x0000000008000190                . = ALIGN (0x4)
 *(.text)
 .text          0x0000000008000190       0x40 /opt/st/stm32cubeide_1.12.0/plugins/com.st.stm32cube.ide.mcu.externaltools.gnu-tools-for-stm32.10.3-2021.10.linux64_1.0.200.202301161003/tools/bin/../lib/gcc/arm-none-eabi/10.3.1/thumb/v7e-m+fp/hard/crtbegin.o
 .text          0x00000000080001d0       0xa0 /opt/st/stm32cubeide_1.12.0/plugins/com.st.stm32cube.ide.mcu.externaltools.gnu-tools-for-stm32.10.3-2021.10.linux64_1.0.200.202301161003/tools/bin/../lib/gcc/arm-none-eabi/10.3.1/../../../../arm-none-eabi/lib/thumb/v7e-m+fp/hard/libc_nano.a(lib_a-memchr.o)
                0x00000000080001d0                memchr
 .text          0x0000000008000270      0x378 /opt/st/stm32cubeide_1.12.0/plugins/com.st.stm32cube.ide.mcu.externaltools.gnu-tools-for-stm32.10.3-2021.10.linux64_1.0.200.202301161003/tools/bin/../lib/gcc/arm-none-eabi/10.3.1/thumb/v7e-m+fp/hard/libgcc.a(_arm_addsubdf3.o)
                0x0000000008000270                __aeabi_drsub
                0x0000000008000278                __aeabi_dsub
                0x0000000008000278                __subdf3
                0x000000000800027c                __adddf3
                0x000000000800027c                __aeabi_dadd
                0x00000000080004f4                __aeabi_ui2d
                0x00000000080004f4                __floatunsidf
                0x0000000008000514                __floatsidf
                0x0000000008000514                __aeabi_i2d
                0x0000000008000538                __extendsfdf2
                0x0000000008000538                __aeabi_f2d
                0x000000000800057c                __aeabi_ul2d
                0x000000000800057c                __floatundidf
                0x000000000800058c                __floatdidf
                0x000000000800058c                __aeabi_l2d
 .text          0x00000000080005e8      0x424 /opt/st/stm32cubeide_1.12.0/plugins/com.st.stm32cube.ide.mcu.externaltools.gnu-tools-for-stm32.10.3-2021.10.linux64_1.0.200.202301161003/tools/bin/../lib/gcc/arm-none-eabi/10.3.1/thumb/v7e-m+fp/hard/libgcc.a(_arm_muldivdf3.o)
                0x00000000080005e8                __aeabi_dmul
                0x00000000080005e8                __muldf3
                0x000000000800083c                __aeabi_ddiv
                0x000000000800083c                __divdf3
 .text          0x0000000008000a0c       0xa0 /opt/st/stm32cubeide_1.12.0/plugins/com.st.stm32cube.ide.mcu.externaltools.gnu-tools-for-stm32.10.3-2021.10.linux64_1.0.200.202301161003/tools/bin/../lib/gcc/arm-none-eabi/10.3.1/thumb/v7e-m+fp/hard/libgcc.a(_arm_truncdfsf2.o)
                0x0000000008000a0c                __aeabi_d2f
                0x0000000008000a0c                __truncdfsf2
 .text          0x0000000008000aac       0x30 /opt/st/stm32cubeide_1.12.0/plugins/com.st.stm32cube.ide.mcu.externaltools.gnu-tools-for-stm32.10.3-2021.10.linux64_1.0.200.202301161003/tools/bin/../lib/gcc/arm-none-eabi/10.3.1/thumb/v7e-m+fp/hard/libgcc.a(_aeabi_uldivmod.o)
                0x0000000008000aac                __aeabi_uldivmod
 .text          0x0000000008000adc      0x2d0 /opt/st/stm32cubeide_1.12.0/plugins/com.st.stm32cube.ide.mcu.externaltools.gnu-tools-for-stm32.10.3-2021.10.linux64_1.0.200.202301161003/tools/bin/../lib/gcc/arm-none-eabi/10.3.1/thumb/v7e-m+fp/hard/libgcc.a(_udivmoddi4.o)
                0x0000000008000adc                __udivmoddi4
 .text          0x0000000008000dac        0x4 /opt/st/stm32cubeide_1.12.0/plugins/com.st.stm32cube.ide.mcu.externaltools.gnu-tools-for-stm32.10.3-2021.10.linux64_1.0.200.202301161003/tools/bin/../lib/gcc/arm-none-eabi/10.3.1/thumb/v7e-m+fp/hard/libgcc.a(_dvmd_tls.o)
                0x0000000008000dac                __aeabi_ldiv0
                0x0000000008000dac                __aeabi_idiv0
 *(.text*)
 .text.MX_DMA_Init
                0x0000000008000db0       0x40 ./Core/Src/dma.o
                0x0000000008000db0                MX_DMA_Init
 .text.Fast_SPI_Transmit
                0x0000000008000df0       0xa2 ./Core/Src/fast_spi.o
                0x0000000008000df0                Fast_SPI_Transmit
 *fill*         0x0000000008000e92        0x2 
 .text.MX_GPIO_Init
                0x0000000008000e94       0xc4 ./Core/Src/gpio.o
                0x0000000008000e94                MX_GPIO_Init
 .text.main     0x0000000008000f58      0x144 ./Core/Src/main.o
                0x0000000008000f58                main
 .text.SystemClock_Config
                0x000000000800109c       0xd4 ./Core/Src/main.o
                0x000000000800109c                SystemClock_Config
 .text.Error_Handler
                0x0000000008001170        0xa ./Core/Src/main.o
                0x0000000008001170                Error_Handler
 *fill*         0x000000000800117a        0x2 
 .text.MX_SPI1_Init
                0x000000000800117c       0x70 ./Core/Src/spi.o
                0x000000000800117c                MX_SPI1_Init
 .text.HAL_SPI_MspInit
                0x00000000080011ec      0x104 ./Core/Src/spi.o
                0x00000000080011ec                HAL_SPI_MspInit
 .text.HAL_MspInit
                0x00000000080012f0       0x50 ./Core/Src/stm32f4xx_hal_msp.o
                0x00000000080012f0                HAL_MspInit
 .text.NMI_Handler
                0x0000000008001340        0x6 ./Core/Src/stm32f4xx_it.o
                0x0000000008001340                NMI_Handler
 .text.HardFault_Handler
                0x0000000008001346        0x6 ./Core/Src/stm32f4xx_it.o
                0x0000000008001346                HardFault_Handler
 .text.MemManage_Handler
                0x000000000800134c        0x6 ./Core/Src/stm32f4xx_it.o
                0x000000000800134c                MemManage_Handler
 .text.BusFault_Handler
                0x0000000008001352        0x6 ./Core/Src/stm32f4xx_it.o
                0x0000000008001352                BusFault_Handler
 .text.UsageFault_Handler
                0x0000000008001358        0x6 ./Core/Src/stm32f4xx_it.o
                0x0000000008001358                UsageFault_Handler
 .text.SVC_Handler
                0x000000000800135e        0xe ./Core/Src/stm32f4xx_it.o
                0x000000000800135e                SVC_Handler
 .text.DebugMon_Handler
                0x000000000800136c        0xe ./Core/Src/stm32f4xx_it.o
                0x000000000800136c                DebugMon_Handler
 .text.PendSV_Handler
                0x000000000800137a        0xe ./Core/Src/stm32f4xx_it.o
                0x000000000800137a                PendSV_Handler
 .text.SysTick_Handler
                0x0000000008001388        0xc ./Core/Src/stm32f4xx_it.o
                0x0000000008001388                SysTick_Handler
 .text.SPI1_IRQHandler
                0x0000000008001394       0x14 ./Core/Src/stm32f4xx_it.o
                0x0000000008001394                SPI1_IRQHandler
 .text.DMA2_Stream3_IRQHandler
                0x00000000080013a8       0x14 ./Core/Src/stm32f4xx_it.o
                0x00000000080013a8                DMA2_Stream3_IRQHandler
 .text._read    0x00000000080013bc       0x3a ./Core/Src/syscalls.o
                0x00000000080013bc                _read
 .text._close   0x00000000080013f6       0x18 ./Core/Src/syscalls.o
                0x00000000080013f6                _close
 .text._fstat   0x000000000800140e       0x20 ./Core/Src/syscalls.o
                0x000000000800140e                _fstat
 .text._isatty  0x000000000800142e       0x16 ./Core/Src/syscalls.o
                0x000000000800142e                _isatty
 .text._lseek   0x0000000008001444       0x1a ./Core/Src/syscalls.o
                0x0000000008001444                _lseek
 *fill*         0x000000000800145e        0x2 
 .text._sbrk    0x0000000008001460       0x6c ./Core/Src/sysmem.o
                0x0000000008001460                _sbrk
 .text.SystemInit
                0x00000000080014cc       0x24 ./Core/Src/system_stm32f4xx.o
                0x00000000080014cc                SystemInit
 .text.Reset_Handler
                0x00000000080014f0       0x50 ./Core/Startup/startup_stm32f407vgtx.o
                0x00000000080014f0                Reset_Handler
 .text.Default_Handler
                0x0000000008001540        0x2 ./Core/Startup/startup_stm32f407vgtx.o
                0x0000000008001540                RTC_Alarm_IRQHandler
                0x0000000008001540                HASH_RNG_IRQHandler
                0x0000000008001540                EXTI2_IRQHandler
                0x0000000008001540                TIM8_CC_IRQHandler
                0x0000000008001540                TIM1_CC_IRQHandler
                0x0000000008001540                DMA2_Stream5_IRQHandler
                0x0000000008001540                DMA1_Stream5_IRQHandler
                0x0000000008001540                PVD_IRQHandler
                0x0000000008001540                SDIO_IRQHandler
                0x0000000008001540                TAMP_STAMP_IRQHandler
                0x0000000008001540                CAN2_RX1_IRQHandler
                0x0000000008001540                EXTI3_IRQHandler
                0x0000000008001540                TIM8_TRG_COM_TIM14_IRQHandler
                0x0000000008001540                TIM1_UP_TIM10_IRQHandler
                0x0000000008001540                TIM8_UP_TIM13_IRQHandler
                0x0000000008001540                I2C3_ER_IRQHandler
                0x0000000008001540                EXTI0_IRQHandler
                0x0000000008001540                I2C2_EV_IRQHandler
                0x0000000008001540                DMA1_Stream2_IRQHandler
                0x0000000008001540                CAN1_RX0_IRQHandler
                0x0000000008001540                FPU_IRQHandler
                0x0000000008001540                OTG_HS_WKUP_IRQHandler
                0x0000000008001540                CAN2_SCE_IRQHandler
                0x0000000008001540                DMA2_Stream2_IRQHandler
                0x0000000008001540                TIM6_DAC_IRQHandler
                0x0000000008001540                TIM1_BRK_TIM9_IRQHandler
                0x0000000008001540                DCMI_IRQHandler
                0x0000000008001540                CAN2_RX0_IRQHandler
                0x0000000008001540                USART6_IRQHandler
                0x0000000008001540                USART3_IRQHandler
                0x0000000008001540                CAN1_RX1_IRQHandler
                0x0000000008001540                UART5_IRQHandler
                0x0000000008001540                DMA2_Stream0_IRQHandler
                0x0000000008001540                TIM4_IRQHandler
                0x0000000008001540                I2C1_EV_IRQHandler
                0x0000000008001540                DMA1_Stream6_IRQHandler
                0x0000000008001540                DMA1_Stream1_IRQHandler
                0x0000000008001540                UART4_IRQHandler
                0x0000000008001540                TIM3_IRQHandler
                0x0000000008001540                RCC_IRQHandler
                0x0000000008001540                TIM8_BRK_TIM12_IRQHandler
                0x0000000008001540                Default_Handler
                0x0000000008001540                EXTI15_10_IRQHandler
                0x0000000008001540                ADC_IRQHandler
                0x0000000008001540                DMA1_Stream7_IRQHandler
                0x0000000008001540                TIM7_IRQHandler
                0x0000000008001540                CAN2_TX_IRQHandler
                0x0000000008001540                TIM5_IRQHandler
                0x0000000008001540                DMA2_Stream7_IRQHandler
                0x0000000008001540                I2C3_EV_IRQHandler
                0x0000000008001540                EXTI9_5_IRQHandler
                0x0000000008001540                RTC_WKUP_IRQHandler
                0x0000000008001540                ETH_WKUP_IRQHandler
                0x0000000008001540                SPI2_IRQHandler
                0x0000000008001540                OTG_HS_EP1_IN_IRQHandler
                0x0000000008001540                DMA1_Stream0_IRQHandler
                0x0000000008001540                CAN1_TX_IRQHandler
                0x0000000008001540                EXTI4_IRQHandler
                0x0000000008001540                FSMC_IRQHandler
                0x0000000008001540                ETH_IRQHandler
                0x0000000008001540                OTG_HS_EP1_OUT_IRQHandler
                0x0000000008001540                WWDG_IRQHandler
                0x0000000008001540                TIM2_IRQHandler
                0x0000000008001540                OTG_FS_WKUP_IRQHandler
                0x0000000008001540                TIM1_TRG_COM_TIM11_IRQHandler
                0x0000000008001540                OTG_HS_IRQHandler
                0x0000000008001540                EXTI1_IRQHandler
                0x0000000008001540                USART2_IRQHandler
                0x0000000008001540                I2C2_ER_IRQHandler
                0x0000000008001540                DMA2_Stream1_IRQHandler
                0x0000000008001540                CAN1_SCE_IRQHandler
                0x0000000008001540                FLASH_IRQHandler
                0x0000000008001540                DMA2_Stream4_IRQHandler
                0x0000000008001540                USART1_IRQHandler
                0x0000000008001540                OTG_FS_IRQHandler
                0x0000000008001540                SPI3_IRQHandler
                0x0000000008001540                DMA1_Stream4_IRQHandler
                0x0000000008001540                I2C1_ER_IRQHandler
                0x0000000008001540                DMA2_Stream6_IRQHandler
                0x0000000008001540                DMA1_Stream3_IRQHandler
 *fill*         0x0000000008001542        0x2 
 .text.HAL_Init
                0x0000000008001544       0x44 ./Drivers/STM32F4xx_HAL_Driver/Src/stm32f4xx_hal.o
                0x0000000008001544                HAL_Init
 .text.HAL_InitTick
                0x0000000008001588       0x60 ./Drivers/STM32F4xx_HAL_Driver/Src/stm32f4xx_hal.o
                0x0000000008001588                HAL_InitTick
 .text.HAL_IncTick
                0x00000000080015e8       0x28 ./Drivers/STM32F4xx_HAL_Driver/Src/stm32f4xx_hal.o
                0x00000000080015e8                HAL_IncTick
 .text.HAL_GetTick
                0x0000000008001610       0x18 ./Drivers/STM32F4xx_HAL_Driver/Src/stm32f4xx_hal.o
                0x0000000008001610                HAL_GetTick
 .text.HAL_Delay
                0x0000000008001628       0x48 ./Drivers/STM32F4xx_HAL_Driver/Src/stm32f4xx_hal.o
                0x0000000008001628                HAL_Delay
 .text.__NVIC_SetPriorityGrouping
                0x0000000008001670       0x48 ./Drivers/STM32F4xx_HAL_Driver/Src/stm32f4xx_hal_cortex.o
 .text.__NVIC_GetPriorityGrouping
                0x00000000080016b8       0x1c ./Drivers/STM32F4xx_HAL_Driver/Src/stm32f4xx_hal_cortex.o
 .text.__NVIC_EnableIRQ
                0x00000000080016d4       0x3c ./Drivers/STM32F4xx_HAL_Driver/Src/stm32f4xx_hal_cortex.o
 .text.__NVIC_SetPriority
                0x0000000008001710       0x54 ./Drivers/STM32F4xx_HAL_Driver/Src/stm32f4xx_hal_cortex.o
 .text.NVIC_EncodePriority
                0x0000000008001764       0x66 ./Drivers/STM32F4xx_HAL_Driver/Src/stm32f4xx_hal_cortex.o
 *fill*         0x00000000080017ca        0x2 
 .text.SysTick_Config
                0x00000000080017cc       0x44 ./Drivers/STM32F4xx_HAL_Driver/Src/stm32f4xx_hal_cortex.o
 .text.HAL_NVIC_SetPriorityGrouping
                0x0000000008001810       0x16 ./Drivers/STM32F4xx_HAL_Driver/Src/stm32f4xx_hal_cortex.o
                0x0000000008001810                HAL_NVIC_SetPriorityGrouping
 .text.HAL_NVIC_SetPriority
                0x0000000008001826       0x38 ./Drivers/STM32F4xx_HAL_Driver/Src/stm32f4xx_hal_cortex.o
                0x0000000008001826                HAL_NVIC_SetPriority
 .text.HAL_NVIC_EnableIRQ
                0x000000000800185e       0x1c ./Drivers/STM32F4xx_HAL_Driver/Src/stm32f4xx_hal_cortex.o
                0x000000000800185e                HAL_NVIC_EnableIRQ
 .text.HAL_SYSTICK_Config
                0x000000000800187a       0x18 ./Drivers/STM32F4xx_HAL_Driver/Src/stm32f4xx_hal_cortex.o
                0x000000000800187a                HAL_SYSTICK_Config
 *fill*         0x0000000008001892        0x2 
 .text.HAL_DMA_Init
                0x0000000008001894      0x15c ./Drivers/STM32F4xx_HAL_Driver/Src/stm32f4xx_hal_dma.o
                0x0000000008001894                HAL_DMA_Init
 .text.HAL_DMA_Start_IT
                0x00000000080019f0       0xb0 ./Drivers/STM32F4xx_HAL_Driver/Src/stm32f4xx_hal_dma.o
                0x00000000080019f0                HAL_DMA_Start_IT
 .text.HAL_DMA_Abort_IT
                0x0000000008001aa0       0x44 ./Drivers/STM32F4xx_HAL_Driver/Src/stm32f4xx_hal_dma.o
                0x0000000008001aa0                HAL_DMA_Abort_IT
 .text.HAL_DMA_IRQHandler
                0x0000000008001ae4      0x314 ./Drivers/STM32F4xx_HAL_Driver/Src/stm32f4xx_hal_dma.o
                0x0000000008001ae4                HAL_DMA_IRQHandler
 .text.DMA_SetConfig
                0x0000000008001df8       0x5c ./Drivers/STM32F4xx_HAL_Driver/Src/stm32f4xx_hal_dma.o
 .text.DMA_CalcBaseAndBitshift
                0x0000000008001e54       0x6c ./Drivers/STM32F4xx_HAL_Driver/Src/stm32f4xx_hal_dma.o
 .text.DMA_CheckFifoParam
                0x0000000008001ec0       0xf8 ./Drivers/STM32F4xx_HAL_Driver/Src/stm32f4xx_hal_dma.o
 .text.HAL_GPIO_Init
                0x0000000008001fb8      0x338 ./Drivers/STM32F4xx_HAL_Driver/Src/stm32f4xx_hal_gpio.o
                0x0000000008001fb8                HAL_GPIO_Init
 .text.HAL_GPIO_WritePin
                0x00000000080022f0       0x32 ./Drivers/STM32F4xx_HAL_Driver/Src/stm32f4xx_hal_gpio.o
                0x00000000080022f0                HAL_GPIO_WritePin
 *fill*         0x0000000008002322        0x2 
 .text.HAL_RCC_OscConfig
                0x0000000008002324      0x4f0 ./Drivers/STM32F4xx_HAL_Driver/Src/stm32f4xx_hal_rcc.o
                0x0000000008002324                HAL_RCC_OscConfig
 .text.HAL_RCC_ClockConfig
                0x0000000008002814      0x1cc ./Drivers/STM32F4xx_HAL_Driver/Src/stm32f4xx_hal_rcc.o
                0x0000000008002814                HAL_RCC_ClockConfig
 .text.HAL_RCC_GetSysClockFreq
                0x00000000080029e0      0x20c ./Drivers/STM32F4xx_HAL_Driver/Src/stm32f4xx_hal_rcc.o
                0x00000000080029e0                HAL_RCC_GetSysClockFreq
 .text.HAL_SPI_Init
                0x0000000008002bec      0x122 ./Drivers/STM32F4xx_HAL_Driver/Src/stm32f4xx_hal_spi.o
                0x0000000008002bec                HAL_SPI_Init
 .text.HAL_SPI_Receive
                0x0000000008002d0e      0x316 ./Drivers/STM32F4xx_HAL_Driver/Src/stm32f4xx_hal_spi.o
                0x0000000008002d0e                HAL_SPI_Receive
 .text.HAL_SPI_TransmitReceive
                0x0000000008003024      0x424 ./Drivers/STM32F4xx_HAL_Driver/Src/stm32f4xx_hal_spi.o
                0x0000000008003024                HAL_SPI_TransmitReceive
 .text.HAL_SPI_Transmit_DMA
                0x0000000008003448      0x198 ./Drivers/STM32F4xx_HAL_Driver/Src/stm32f4xx_hal_spi.o
                0x0000000008003448                HAL_SPI_Transmit_DMA
 .text.HAL_SPI_IRQHandler
                0x00000000080035e0      0x200 ./Drivers/STM32F4xx_HAL_Driver/Src/stm32f4xx_hal_spi.o
                0x00000000080035e0                HAL_SPI_IRQHandler
 .text.HAL_SPI_TxHalfCpltCallback
                0x00000000080037e0       0x14 ./Drivers/STM32F4xx_HAL_Driver/Src/stm32f4xx_hal_spi.o
                0x00000000080037e0                HAL_SPI_TxHalfCpltCallback
 .text.HAL_SPI_ErrorCallback
                0x00000000080037f4       0x14 ./Drivers/STM32F4xx_HAL_Driver/Src/stm32f4xx_hal_spi.o
                0x00000000080037f4                HAL_SPI_ErrorCallback
 .text.SPI_DMATransmitCplt
                0x0000000008003808       0xa8 ./Drivers/STM32F4xx_HAL_Driver/Src/stm32f4xx_hal_spi.o
 .text.SPI_DMAHalfTransmitCplt
                0x00000000080038b0       0x1c ./Drivers/STM32F4xx_HAL_Driver/Src/stm32f4xx_hal_spi.o
 .text.SPI_DMAError
                0x00000000080038cc       0x40 ./Drivers/STM32F4xx_HAL_Driver/Src/stm32f4xx_hal_spi.o
 .text.SPI_DMAAbortOnError
                0x000000000800390c       0x28 ./Drivers/STM32F4xx_HAL_Driver/Src/stm32f4xx_hal_spi.o
 .text.SPI_WaitFlagStateUntilTimeout
                0x0000000008003934      0x110 ./Drivers/STM32F4xx_HAL_Driver/Src/stm32f4xx_hal_spi.o
 .text.SPI_EndRxTransaction
                0x0000000008003a44       0xca ./Drivers/STM32F4xx_HAL_Driver/Src/stm32f4xx_hal_spi.o
 *fill*         0x0000000008003b0e        0x2 
 .text.SPI_EndRxTxTransaction
                0x0000000008003b10       0x84 ./Drivers/STM32F4xx_HAL_Driver/Src/stm32f4xx_hal_spi.o
 .text.ITM_SendChar
                0x0000000008003b94       0x4e ./nRF24L01p/nrf24l01p.o
 *fill*         0x0000000008003be2        0x2 
 .text.cs_high  0x0000000008003be4       0x18 ./nRF24L01p/nrf24l01p.o
 .text.cs_low   0x0000000008003bfc       0x18 ./nRF24L01p/nrf24l01p.o
 .text.ce_high  0x0000000008003c14       0x18 ./nRF24L01p/nrf24l01p.o
 .text.ce_low   0x0000000008003c2c       0x18 ./nRF24L01p/nrf24l01p.o
 .text.read_register
                0x0000000008003c44       0x4c ./nRF24L01p/nrf24l01p.o
 .text.read_register_multiple
                0x0000000008003c90       0x50 ./nRF24L01p/nrf24l01p.o
 .text.write_register
                0x0000000008003ce0       0x5c ./nRF24L01p/nrf24l01p.o
 .text.write_address
                0x0000000008003d3c       0x50 ./nRF24L01p/nrf24l01p.o
 .text._write   0x0000000008003d8c       0x38 ./nRF24L01p/nrf24l01p.o
                0x0000000008003d8c                _write
 .text.print_byte_register
                0x0000000008003dc4       0x54 ./nRF24L01p/nrf24l01p.o
                0x0000000008003dc4                print_byte_register
 .text.print_address_register
                0x0000000008003e18       0x9c ./nRF24L01p/nrf24l01p.o
                0x0000000008003e18                print_address_register
 .text.getDataRate
                0x0000000008003eb4       0x3a ./nRF24L01p/nrf24l01p.o
                0x0000000008003eb4                getDataRate
 .text.getCRCLength
                0x0000000008003eee       0x4c ./nRF24L01p/nrf24l01p.o
                0x0000000008003eee                getCRCLength
 *fill*         0x0000000008003f3a        0x2 
 .text.printDetails
                0x0000000008003f3c       0xb8 ./nRF24L01p/nrf24l01p.o
                0x0000000008003f3c                printDetails
 .text.nrf24l01p_tx_init
                0x0000000008003ff4       0xcc ./nRF24L01p/nrf24l01p.o
                0x0000000008003ff4                nrf24l01p_tx_init
 .text.nrf24l01p_tx_transmit
                0x00000000080040c0       0x1e ./nRF24L01p/nrf24l01p.o
                0x00000000080040c0                nrf24l01p_tx_transmit
 .text.nrf24l01p_rx_set_address
                0x00000000080040de       0x28 ./nRF24L01p/nrf24l01p.o
                0x00000000080040de                nrf24l01p_rx_set_address
 .text.nrf24l01p_tx_set_address
                0x0000000008004106       0x18 ./nRF24L01p/nrf24l01p.o
                0x0000000008004106                nrf24l01p_tx_set_address
 *fill*         0x000000000800411e        0x2 
 .text.nrf24l01p_reset
                0x0000000008004120      0x138 ./nRF24L01p/nrf24l01p.o
                0x0000000008004120                nrf24l01p_reset
 .text.nrf24l01p_ptx_mode
                0x0000000008004258       0x2a ./nRF24L01p/nrf24l01p.o
                0x0000000008004258                nrf24l01p_ptx_mode
 .text.HAL_SPI_TxCpltCallback
                0x0000000008004282       0x14 ./nRF24L01p/nrf24l01p.o
                0x0000000008004282                HAL_SPI_TxCpltCallback
 *fill*         0x0000000008004296        0x2 
 .text.nrf24l01p_write_tx_fifo
                0x0000000008004298       0x80 ./nRF24L01p/nrf24l01p.o
                0x0000000008004298                nrf24l01p_write_tx_fifo
 .text.nrf24l01p_flush_rx_fifo
                0x0000000008004318       0x30 ./nRF24L01p/nrf24l01p.o
                0x0000000008004318                nrf24l01p_flush_rx_fifo
 .text.nrf24l01p_flush_tx_fifo
                0x0000000008004348       0x30 ./nRF24L01p/nrf24l01p.o
                0x0000000008004348                nrf24l01p_flush_tx_fifo
 .text.nrf24l01p_power_up
                0x0000000008004378       0x2a ./nRF24L01p/nrf24l01p.o
                0x0000000008004378                nrf24l01p_power_up
 .text.nrf24l01p_set_crc_length
                0x00000000080043a2       0x46 ./nRF24L01p/nrf24l01p.o
                0x00000000080043a2                nrf24l01p_set_crc_length
 .text.nrf24l01p_set_address_widths
                0x00000000080043e8       0x20 ./nRF24L01p/nrf24l01p.o
                0x00000000080043e8                nrf24l01p_set_address_widths
 .text.nrf24l01p_auto_retransmit_count
                0x0000000008004408       0x36 ./nRF24L01p/nrf24l01p.o
                0x0000000008004408                nrf24l01p_auto_retransmit_count
 *fill*         0x000000000800443e        0x2 
 .text.nrf24l01p_auto_retransmit_delay
                0x0000000008004440       0x50 ./nRF24L01p/nrf24l01p.o
                0x0000000008004440                nrf24l01p_auto_retransmit_delay
 .text.nrf24l01p_set_rf_channel
                0x0000000008004490       0x26 ./nRF24L01p/nrf24l01p.o
                0x0000000008004490                nrf24l01p_set_rf_channel
 .text.nrf24l01p_set_rf_tx_output_power
                0x00000000080044b6       0x3a ./nRF24L01p/nrf24l01p.o
                0x00000000080044b6                nrf24l01p_set_rf_tx_output_power
 .text.nrf24l01p_set_rf_air_data_rate
                0x00000000080044f0       0x52 ./nRF24L01p/nrf24l01p.o
                0x00000000080044f0                nrf24l01p_set_rf_air_data_rate
 *fill*         0x0000000008004542        0x2 
 .text.__errno  0x0000000008004544        0xc /opt/st/stm32cubeide_1.12.0/plugins/com.st.stm32cube.ide.mcu.externaltools.gnu-tools-for-stm32.10.3-2021.10.linux64_1.0.200.202301161003/tools/bin/../lib/gcc/arm-none-eabi/10.3.1/../../../../arm-none-eabi/lib/thumb/v7e-m+fp/hard/libc_nano.a(lib_a-errno.o)
                0x0000000008004544                __errno
 .text.__libc_init_array
                0x0000000008004550       0x48 /opt/st/stm32cubeide_1.12.0/plugins/com.st.stm32cube.ide.mcu.externaltools.gnu-tools-for-stm32.10.3-2021.10.linux64_1.0.200.202301161003/tools/bin/../lib/gcc/arm-none-eabi/10.3.1/../../../../arm-none-eabi/lib/thumb/v7e-m+fp/hard/libc_nano.a(lib_a-init.o)
                0x0000000008004550                __libc_init_array
 .text.malloc   0x0000000008004598       0x10 /opt/st/stm32cubeide_1.12.0/plugins/com.st.stm32cube.ide.mcu.externaltools.gnu-tools-for-stm32.10.3-2021.10.linux64_1.0.200.202301161003/tools/bin/../lib/gcc/arm-none-eabi/10.3.1/../../../../arm-none-eabi/lib/thumb/v7e-m+fp/hard/libc_nano.a(lib_a-malloc.o)
                0x0000000008004598                malloc
 .text.free     0x00000000080045a8       0x10 /opt/st/stm32cubeide_1.12.0/plugins/com.st.stm32cube.ide.mcu.externaltools.gnu-tools-for-stm32.10.3-2021.10.linux64_1.0.200.202301161003/tools/bin/../lib/gcc/arm-none-eabi/10.3.1/../../../../arm-none-eabi/lib/thumb/v7e-m+fp/hard/libc_nano.a(lib_a-malloc.o)
                0x00000000080045a8                free
 .text.memset   0x00000000080045b8       0x10 /opt/st/stm32cubeide_1.12.0/plugins/com.st.stm32cube.ide.mcu.externaltools.gnu-tools-for-stm32.10.3-2021.10.linux64_1.0.200.202301161003/tools/bin/../lib/gcc/arm-none-eabi/10.3.1/../../../../arm-none-eabi/lib/thumb/v7e-m+fp/hard/libc_nano.a(lib_a-memset.o)
                0x00000000080045b8                memset
 .text._free_r  0x00000000080045c8       0x98 /opt/st/stm32cubeide_1.12.0/plugins/com.st.stm32cube.ide.mcu.externaltools.gnu-tools-for-stm32.10.3-2021.10.linux64_1.0.200.202301161003/tools/bin/../lib/gcc/arm-none-eabi/10.3.1/../../../../arm-none-eabi/lib/thumb/v7e-m+fp/hard/libc_nano.a(lib_a-nano-freer.o)
                0x00000000080045c8                _free_r
 .text.sbrk_aligned
                0x0000000008004660       0x40 /opt/st/stm32cubeide_1.12.0/plugins/com.st.stm32cube.ide.mcu.externaltools.gnu-tools-for-stm32.10.3-2021.10.linux64_1.0.200.202301161003/tools/bin/../lib/gcc/arm-none-eabi/10.3.1/../../../../arm-none-eabi/lib/thumb/v7e-m+fp/hard/libc_nano.a(lib_a-nano-mallocr.o)
 .text._malloc_r
                0x00000000080046a0       0xe8 /opt/st/stm32cubeide_1.12.0/plugins/com.st.stm32cube.ide.mcu.externaltools.gnu-tools-for-stm32.10.3-2021.10.linux64_1.0.200.202301161003/tools/bin/../lib/gcc/arm-none-eabi/10.3.1/../../../../arm-none-eabi/lib/thumb/v7e-m+fp/hard/libc_nano.a(lib_a-nano-mallocr.o)
                0x00000000080046a0                _malloc_r
 .text.printf   0x0000000008004788       0x30 /opt/st/stm32cubeide_1.12.0/plugins/com.st.stm32cube.ide.mcu.externaltools.gnu-tools-for-stm32.10.3-2021.10.linux64_1.0.200.202301161003/tools/bin/../lib/gcc/arm-none-eabi/10.3.1/../../../../arm-none-eabi/lib/thumb/v7e-m+fp/hard/libc_nano.a(lib_a-printf.o)
                0x0000000008004788                printf
                0x0000000008004788                iprintf
 .text._puts_r  0x00000000080047b8       0xdc /opt/st/stm32cubeide_1.12.0/plugins/com.st.stm32cube.ide.mcu.externaltools.gnu-tools-for-stm32.10.3-2021.10.linux64_1.0.200.202301161003/tools/bin/../lib/gcc/arm-none-eabi/10.3.1/../../../../arm-none-eabi/lib/thumb/v7e-m+fp/hard/libc_nano.a(lib_a-puts.o)
                0x00000000080047b8                _puts_r
 .text.puts     0x0000000008004894       0x10 /opt/st/stm32cubeide_1.12.0/plugins/com.st.stm32cube.ide.mcu.externaltools.gnu-tools-for-stm32.10.3-2021.10.linux64_1.0.200.202301161003/tools/bin/../lib/gcc/arm-none-eabi/10.3.1/../../../../arm-none-eabi/lib/thumb/v7e-m+fp/hard/libc_nano.a(lib_a-puts.o)
                0x0000000008004894                puts
 .text._sbrk_r  0x00000000080048a4       0x20 /opt/st/stm32cubeide_1.12.0/plugins/com.st.stm32cube.ide.mcu.externaltools.gnu-tools-for-stm32.10.3-2021.10.linux64_1.0.200.202301161003/tools/bin/../lib/gcc/arm-none-eabi/10.3.1/../../../../arm-none-eabi/lib/thumb/v7e-m+fp/hard/libc_nano.a(lib_a-sbrkr.o)
                0x00000000080048a4                _sbrk_r
 .text.__swbuf_r
                0x00000000080048c4       0xa4 /opt/st/stm32cubeide_1.12.0/plugins/com.st.stm32cube.ide.mcu.externaltools.gnu-tools-for-stm32.10.3-2021.10.linux64_1.0.200.202301161003/tools/bin/../lib/gcc/arm-none-eabi/10.3.1/../../../../arm-none-eabi/lib/thumb/v7e-m+fp/hard/libc_nano.a(lib_a-wbuf.o)
                0x00000000080048c4                __swbuf_r
 .text.__swsetup_r
                0x0000000008004968       0xdc /opt/st/stm32cubeide_1.12.0/plugins/com.st.stm32cube.ide.mcu.externaltools.gnu-tools-for-stm32.10.3-2021.10.linux64_1.0.200.202301161003/tools/bin/../lib/gcc/arm-none-eabi/10.3.1/../../../../arm-none-eabi/lib/thumb/v7e-m+fp/hard/libc_nano.a(lib_a-wsetup.o)
                0x0000000008004968                __swsetup_r
 .text.__sflush_r
                0x0000000008004a44      0x10c /opt/st/stm32cubeide_1.12.0/plugins/com.st.stm32cube.ide.mcu.externaltools.gnu-tools-for-stm32.10.3-2021.10.linux64_1.0.200.202301161003/tools/bin/../lib/gcc/arm-none-eabi/10.3.1/../../../../arm-none-eabi/lib/thumb/v7e-m+fp/hard/libc_nano.a(lib_a-fflush.o)
                0x0000000008004a44                __sflush_r
 .text._fflush_r
                0x0000000008004b50       0x78 /opt/st/stm32cubeide_1.12.0/plugins/com.st.stm32cube.ide.mcu.externaltools.gnu-tools-for-stm32.10.3-2021.10.linux64_1.0.200.202301161003/tools/bin/../lib/gcc/arm-none-eabi/10.3.1/../../../../arm-none-eabi/lib/thumb/v7e-m+fp/hard/libc_nano.a(lib_a-fflush.o)
                0x0000000008004b50                _fflush_r
 .text.std      0x0000000008004bc8       0x48 /opt/st/stm32cubeide_1.12.0/plugins/com.st.stm32cube.ide.mcu.externaltools.gnu-tools-for-stm32.10.3-2021.10.linux64_1.0.200.202301161003/tools/bin/../lib/gcc/arm-none-eabi/10.3.1/../../../../arm-none-eabi/lib/thumb/v7e-m+fp/hard/libc_nano.a(lib_a-findfp.o)
 .text._cleanup_r
                0x0000000008004c10        0xc /opt/st/stm32cubeide_1.12.0/plugins/com.st.stm32cube.ide.mcu.externaltools.gnu-tools-for-stm32.10.3-2021.10.linux64_1.0.200.202301161003/tools/bin/../lib/gcc/arm-none-eabi/10.3.1/../../../../arm-none-eabi/lib/thumb/v7e-m+fp/hard/libc_nano.a(lib_a-findfp.o)
                0x0000000008004c10                _cleanup_r
 .text.__sfmoreglue
                0x0000000008004c1c       0x2c /opt/st/stm32cubeide_1.12.0/plugins/com.st.stm32cube.ide.mcu.externaltools.gnu-tools-for-stm32.10.3-2021.10.linux64_1.0.200.202301161003/tools/bin/../lib/gcc/arm-none-eabi/10.3.1/../../../../arm-none-eabi/lib/thumb/v7e-m+fp/hard/libc_nano.a(lib_a-findfp.o)
                0x0000000008004c1c                __sfmoreglue
 .text.__sfp_lock_acquire
                0x0000000008004c48        0xc /opt/st/stm32cubeide_1.12.0/plugins/com.st.stm32cube.ide.mcu.externaltools.gnu-tools-for-stm32.10.3-2021.10.linux64_1.0.200.202301161003/tools/bin/../lib/gcc/arm-none-eabi/10.3.1/../../../../arm-none-eabi/lib/thumb/v7e-m+fp/hard/libc_nano.a(lib_a-findfp.o)
                0x0000000008004c48                __sfp_lock_acquire
 .text.__sfp_lock_release
                0x0000000008004c54        0xc /opt/st/stm32cubeide_1.12.0/plugins/com.st.stm32cube.ide.mcu.externaltools.gnu-tools-for-stm32.10.3-2021.10.linux64_1.0.200.202301161003/tools/bin/../lib/gcc/arm-none-eabi/10.3.1/../../../../arm-none-eabi/lib/thumb/v7e-m+fp/hard/libc_nano.a(lib_a-findfp.o)
                0x0000000008004c54                __sfp_lock_release
 .text.__sinit_lock_acquire
                0x0000000008004c60        0xc /opt/st/stm32cubeide_1.12.0/plugins/com.st.stm32cube.ide.mcu.externaltools.gnu-tools-for-stm32.10.3-2021.10.linux64_1.0.200.202301161003/tools/bin/../lib/gcc/arm-none-eabi/10.3.1/../../../../arm-none-eabi/lib/thumb/v7e-m+fp/hard/libc_nano.a(lib_a-findfp.o)
                0x0000000008004c60                __sinit_lock_acquire
 .text.__sinit_lock_release
                0x0000000008004c6c        0xc /opt/st/stm32cubeide_1.12.0/plugins/com.st.stm32cube.ide.mcu.externaltools.gnu-tools-for-stm32.10.3-2021.10.linux64_1.0.200.202301161003/tools/bin/../lib/gcc/arm-none-eabi/10.3.1/../../../../arm-none-eabi/lib/thumb/v7e-m+fp/hard/libc_nano.a(lib_a-findfp.o)
                0x0000000008004c6c                __sinit_lock_release
 .text.__sinit  0x0000000008004c78       0x70 /opt/st/stm32cubeide_1.12.0/plugins/com.st.stm32cube.ide.mcu.externaltools.gnu-tools-for-stm32.10.3-2021.10.linux64_1.0.200.202301161003/tools/bin/../lib/gcc/arm-none-eabi/10.3.1/../../../../arm-none-eabi/lib/thumb/v7e-m+fp/hard/libc_nano.a(lib_a-findfp.o)
                0x0000000008004c78                __sinit
 .text.__sfp    0x0000000008004ce8       0x8c /opt/st/stm32cubeide_1.12.0/plugins/com.st.stm32cube.ide.mcu.externaltools.gnu-tools-for-stm32.10.3-2021.10.linux64_1.0.200.202301161003/tools/bin/../lib/gcc/arm-none-eabi/10.3.1/../../../../arm-none-eabi/lib/thumb/v7e-m+fp/hard/libc_nano.a(lib_a-findfp.o)
                0x0000000008004ce8                __sfp
 .text._fwalk_reent
                0x0000000008004d74       0x3e /opt/st/stm32cubeide_1.12.0/plugins/com.st.stm32cube.ide.mcu.externaltools.gnu-tools-for-stm32.10.3-2021.10.linux64_1.0.200.202301161003/tools/bin/../lib/gcc/arm-none-eabi/10.3.1/../../../../arm-none-eabi/lib/thumb/v7e-m+fp/hard/libc_nano.a(lib_a-fwalk.o)
                0x0000000008004d74                _fwalk_reent
 .text.__retarget_lock_init_recursive
                0x0000000008004db2        0x2 /opt/st/stm32cubeide_1.12.0/plugins/com.st.stm32cube.ide.mcu.externaltools.gnu-tools-for-stm32.10.3-2021.10.linux64_1.0.200.202301161003/tools/bin/../lib/gcc/arm-none-eabi/10.3.1/../../../../arm-none-eabi/lib/thumb/v7e-m+fp/hard/libc_nano.a(lib_a-lock.o)
                0x0000000008004db2                __retarget_lock_init_recursive
 .text.__retarget_lock_acquire_recursive
                0x0000000008004db4        0x2 /opt/st/stm32cubeide_1.12.0/plugins/com.st.stm32cube.ide.mcu.externaltools.gnu-tools-for-stm32.10.3-2021.10.linux64_1.0.200.202301161003/tools/bin/../lib/gcc/arm-none-eabi/10.3.1/../../../../arm-none-eabi/lib/thumb/v7e-m+fp/hard/libc_nano.a(lib_a-lock.o)
                0x0000000008004db4                __retarget_lock_acquire_recursive
 .text.__retarget_lock_release_recursive
                0x0000000008004db6        0x2 /opt/st/stm32cubeide_1.12.0/plugins/com.st.stm32cube.ide.mcu.externaltools.gnu-tools-for-stm32.10.3-2021.10.linux64_1.0.200.202301161003/tools/bin/../lib/gcc/arm-none-eabi/10.3.1/../../../../arm-none-eabi/lib/thumb/v7e-m+fp/hard/libc_nano.a(lib_a-lock.o)
                0x0000000008004db6                __retarget_lock_release_recursive
 .text.__swhatbuf_r
                0x0000000008004db8       0x4a /opt/st/stm32cubeide_1.12.0/plugins/com.st.stm32cube.ide.mcu.externaltools.gnu-tools-for-stm32.10.3-2021.10.linux64_1.0.200.202301161003/tools/bin/../lib/gcc/arm-none-eabi/10.3.1/../../../../arm-none-eabi/lib/thumb/v7e-m+fp/hard/libc_nano.a(lib_a-makebuf.o)
                0x0000000008004db8                __swhatbuf_r
 *fill*         0x0000000008004e02        0x2 
 .text.__smakebuf_r
                0x0000000008004e04       0x80 /opt/st/stm32cubeide_1.12.0/plugins/com.st.stm32cube.ide.mcu.externaltools.gnu-tools-for-stm32.10.3-2021.10.linux64_1.0.200.202301161003/tools/bin/../lib/gcc/arm-none-eabi/10.3.1/../../../../arm-none-eabi/lib/thumb/v7e-m+fp/hard/libc_nano.a(lib_a-makebuf.o)
                0x0000000008004e04                __smakebuf_r
 .text.__malloc_lock
                0x0000000008004e84        0xc /opt/st/stm32cubeide_1.12.0/plugins/com.st.stm32cube.ide.mcu.externaltools.gnu-tools-for-stm32.10.3-2021.10.linux64_1.0.200.202301161003/tools/bin/../lib/gcc/arm-none-eabi/10.3.1/../../../../arm-none-eabi/lib/thumb/v7e-m+fp/hard/libc_nano.a(lib_a-mlock.o)
                0x0000000008004e84                __malloc_lock
 .text.__malloc_unlock
                0x0000000008004e90        0xc /opt/st/stm32cubeide_1.12.0/plugins/com.st.stm32cube.ide.mcu.externaltools.gnu-tools-for-stm32.10.3-2021.10.linux64_1.0.200.202301161003/tools/bin/../lib/gcc/arm-none-eabi/10.3.1/../../../../arm-none-eabi/lib/thumb/v7e-m+fp/hard/libc_nano.a(lib_a-mlock.o)
                0x0000000008004e90                __malloc_unlock
 .text.__sfputc_r
                0x0000000008004e9c       0x2e /opt/st/stm32cubeide_1.12.0/plugins/com.st.stm32cube.ide.mcu.externaltools.gnu-tools-for-stm32.10.3-2021.10.linux64_1.0.200.202301161003/tools/bin/../lib/gcc/arm-none-eabi/10.3.1/../../../../arm-none-eabi/lib/thumb/v7e-m+fp/hard/libc_nano.a(lib_a-nano-vfprintf.o)
 .text.__sfputs_r
                0x0000000008004eca       0x24 /opt/st/stm32cubeide_1.12.0/plugins/com.st.stm32cube.ide.mcu.externaltools.gnu-tools-for-stm32.10.3-2021.10.linux64_1.0.200.202301161003/tools/bin/../lib/gcc/arm-none-eabi/10.3.1/../../../../arm-none-eabi/lib/thumb/v7e-m+fp/hard/libc_nano.a(lib_a-nano-vfprintf.o)
                0x0000000008004eca                __sfputs_r
 *fill*         0x0000000008004eee        0x2 
 .text._vfprintf_r
                0x0000000008004ef0      0x260 /opt/st/stm32cubeide_1.12.0/plugins/com.st.stm32cube.ide.mcu.externaltools.gnu-tools-for-stm32.10.3-2021.10.linux64_1.0.200.202301161003/tools/bin/../lib/gcc/arm-none-eabi/10.3.1/../../../../arm-none-eabi/lib/thumb/v7e-m+fp/hard/libc_nano.a(lib_a-nano-vfprintf.o)
                0x0000000008004ef0                _vfiprintf_r
                0x0000000008004ef0                _vfprintf_r
 .text._printf_common
                0x0000000008005150       0xda /opt/st/stm32cubeide_1.12.0/plugins/com.st.stm32cube.ide.mcu.externaltools.gnu-tools-for-stm32.10.3-2021.10.linux64_1.0.200.202301161003/tools/bin/../lib/gcc/arm-none-eabi/10.3.1/../../../../arm-none-eabi/lib/thumb/v7e-m+fp/hard/libc_nano.a(lib_a-nano-vfprintf_i.o)
                0x0000000008005150                _printf_common
 *fill*         0x000000000800522a        0x2 
 .text._printf_i
                0x000000000800522c      0x24c /opt/st/stm32cubeide_1.12.0/plugins/com.st.stm32cube.ide.mcu.externaltools.gnu-tools-for-stm32.10.3-2021.10.linux64_1.0.200.202301161003/tools/bin/../lib/gcc/arm-none-eabi/10.3.1/../../../../arm-none-eabi/lib/thumb/v7e-m+fp/hard/libc_nano.a(lib_a-nano-vfprintf_i.o)
                0x000000000800522c                _printf_i
 .text.__sread  0x0000000008005478       0x22 /opt/st/stm32cubeide_1.12.0/plugins/com.st.stm32cube.ide.mcu.externaltools.gnu-tools-for-stm32.10.3-2021.10.linux64_1.0.200.202301161003/tools/bin/../lib/gcc/arm-none-eabi/10.3.1/../../../../arm-none-eabi/lib/thumb/v7e-m+fp/hard/libc_nano.a(lib_a-stdio.o)
                0x0000000008005478                __sread
 .text.__swrite
                0x000000000800549a       0x38 /opt/st/stm32cubeide_1.12.0/plugins/com.st.stm32cube.ide.mcu.externaltools.gnu-tools-for-stm32.10.3-2021.10.linux64_1.0.200.202301161003/tools/bin/../lib/gcc/arm-none-eabi/10.3.1/../../../../arm-none-eabi/lib/thumb/v7e-m+fp/hard/libc_nano.a(lib_a-stdio.o)
                0x000000000800549a                __swrite
 .text.__sseek  0x00000000080054d2       0x24 /opt/st/stm32cubeide_1.12.0/plugins/com.st.stm32cube.ide.mcu.externaltools.gnu-tools-for-stm32.10.3-2021.10.linux64_1.0.200.202301161003/tools/bin/../lib/gcc/arm-none-eabi/10.3.1/../../../../arm-none-eabi/lib/thumb/v7e-m+fp/hard/libc_nano.a(lib_a-stdio.o)
                0x00000000080054d2                __sseek
 .text.__sclose
                0x00000000080054f6        0x8 /opt/st/stm32cubeide_1.12.0/plugins/com.st.stm32cube.ide.mcu.externaltools.gnu-tools-for-stm32.10.3-2021.10.linux64_1.0.200.202301161003/tools/bin/../lib/gcc/arm-none-eabi/10.3.1/../../../../arm-none-eabi/lib/thumb/v7e-m+fp/hard/libc_nano.a(lib_a-stdio.o)
                0x00000000080054f6                __sclose
 *fill*         0x00000000080054fe        0x2 
 .text._write_r
                0x0000000008005500       0x24 /opt/st/stm32cubeide_1.12.0/plugins/com.st.stm32cube.ide.mcu.externaltools.gnu-tools-for-stm32.10.3-2021.10.linux64_1.0.200.202301161003/tools/bin/../lib/gcc/arm-none-eabi/10.3.1/../../../../arm-none-eabi/lib/thumb/v7e-m+fp/hard/libc_nano.a(lib_a-writer.o)
                0x0000000008005500                _write_r
 .text._close_r
                0x0000000008005524       0x20 /opt/st/stm32cubeide_1.12.0/plugins/com.st.stm32cube.ide.mcu.externaltools.gnu-tools-for-stm32.10.3-2021.10.linux64_1.0.200.202301161003/tools/bin/../lib/gcc/arm-none-eabi/10.3.1/../../../../arm-none-eabi/lib/thumb/v7e-m+fp/hard/libc_nano.a(lib_a-closer.o)
                0x0000000008005524                _close_r
 .text._fstat_r
                0x0000000008005544       0x24 /opt/st/stm32cubeide_1.12.0/plugins/com.st.stm32cube.ide.mcu.externaltools.gnu-tools-for-stm32.10.3-2021.10.linux64_1.0.200.202301161003/tools/bin/../lib/gcc/arm-none-eabi/10.3.1/../../../../arm-none-eabi/lib/thumb/v7e-m+fp/hard/libc_nano.a(lib_a-fstatr.o)
                0x0000000008005544                _fstat_r
 .text._isatty_r
                0x0000000008005568       0x20 /opt/st/stm32cubeide_1.12.0/plugins/com.st.stm32cube.ide.mcu.externaltools.gnu-tools-for-stm32.10.3-2021.10.linux64_1.0.200.202301161003/tools/bin/../lib/gcc/arm-none-eabi/10.3.1/../../../../arm-none-eabi/lib/thumb/v7e-m+fp/hard/libc_nano.a(lib_a-isattyr.o)
                0x0000000008005568                _isatty_r
 .text._lseek_r
                0x0000000008005588       0x24 /opt/st/stm32cubeide_1.12.0/plugins/com.st.stm32cube.ide.mcu.externaltools.gnu-tools-for-stm32.10.3-2021.10.linux64_1.0.200.202301161003/tools/bin/../lib/gcc/arm-none-eabi/10.3.1/../../../../arm-none-eabi/lib/thumb/v7e-m+fp/hard/libc_nano.a(lib_a-lseekr.o)
                0x0000000008005588                _lseek_r
 .text._read_r  0x00000000080055ac       0x24 /opt/st/stm32cubeide_1.12.0/plugins/com.st.stm32cube.ide.mcu.externaltools.gnu-tools-for-stm32.10.3-2021.10.linux64_1.0.200.202301161003/tools/bin/../lib/gcc/arm-none-eabi/10.3.1/../../../../arm-none-eabi/lib/thumb/v7e-m+fp/hard/libc_nano.a(lib_a-readr.o)
                0x00000000080055ac                _read_r
 *(.glue_7)
 .glue_7        0x00000000080055d0        0x0 linker stubs
 *(.glue_7t)
 .glue_7t       0x00000000080055d0        0x0 linker stubs
 *(.eh_frame)
 .eh_frame      0x00000000080055d0        0x0 /opt/st/stm32cubeide_1.12.0/plugins/com.st.stm32cube.ide.mcu.externaltools.gnu-tools-for-stm32.10.3-2021.10.linux64_1.0.200.202301161003/tools/bin/../lib/gcc/arm-none-eabi/10.3.1/thumb/v7e-m+fp/hard/crtbegin.o
 *(.init)
 .init          0x00000000080055d0        0x4 /opt/st/stm32cubeide_1.12.0/plugins/com.st.stm32cube.ide.mcu.externaltools.gnu-tools-for-stm32.10.3-2021.10.linux64_1.0.200.202301161003/tools/bin/../lib/gcc/arm-none-eabi/10.3.1/thumb/v7e-m+fp/hard/crti.o
                0x00000000080055d0                _init
 .init          0x00000000080055d4        0x8 /opt/st/stm32cubeide_1.12.0/plugins/com.st.stm32cube.ide.mcu.externaltools.gnu-tools-for-stm32.10.3-2021.10.linux64_1.0.200.202301161003/tools/bin/../lib/gcc/arm-none-eabi/10.3.1/thumb/v7e-m+fp/hard/crtn.o
 *(.fini)
 .fini          0x00000000080055dc        0x4 /opt/st/stm32cubeide_1.12.0/plugins/com.st.stm32cube.ide.mcu.externaltools.gnu-tools-for-stm32.10.3-2021.10.linux64_1.0.200.202301161003/tools/bin/../lib/gcc/arm-none-eabi/10.3.1/thumb/v7e-m+fp/hard/crti.o
                0x00000000080055dc                _fini
 .fini          0x00000000080055e0        0x8 /opt/st/stm32cubeide_1.12.0/plugins/com.st.stm32cube.ide.mcu.externaltools.gnu-tools-for-stm32.10.3-2021.10.linux64_1.0.200.202301161003/tools/bin/../lib/gcc/arm-none-eabi/10.3.1/thumb/v7e-m+fp/hard/crtn.o
                0x00000000080055e8                . = ALIGN (0x4)
                0x00000000080055e8                _etext = .

.vfp11_veneer   0x00000000080055e8        0x0
 .vfp11_veneer  0x00000000080055e8        0x0 linker stubs

.v4_bx          0x00000000080055e8        0x0
 .v4_bx         0x00000000080055e8        0x0 linker stubs

.iplt           0x00000000080055e8        0x0
 .iplt          0x00000000080055e8        0x0 /opt/st/stm32cubeide_1.12.0/plugins/com.st.stm32cube.ide.mcu.externaltools.gnu-tools-for-stm32.10.3-2021.10.linux64_1.0.200.202301161003/tools/bin/../lib/gcc/arm-none-eabi/10.3.1/thumb/v7e-m+fp/hard/crtbegin.o

.rodata         0x00000000080055e8      0x1b8
                0x00000000080055e8                . = ALIGN (0x4)
 *(.rodata)
 .rodata        0x00000000080055e8        0xd ./Core/Src/main.o
 *fill*         0x00000000080055f5        0x3 
 .rodata        0x00000000080055f8       0xf5 ./nRF24L01p/nrf24l01p.o
 *(.rodata*)
 *fill*         0x00000000080056ed        0x3 
 .rodata.AHBPrescTable
                0x00000000080056f0       0x10 ./Core/Src/system_stm32f4xx.o
                0x00000000080056f0                AHBPrescTable
 .rodata.flagBitshiftOffset.0
                0x0000000008005700        0x8 ./Drivers/STM32F4xx_HAL_Driver/Src/stm32f4xx_hal_dma.o
 .rodata._global_impure_ptr
                0x0000000008005708        0x4 /opt/st/stm32cubeide_1.12.0/plugins/com.st.stm32cube.ide.mcu.externaltools.gnu-tools-for-stm32.10.3-2021.10.linux64_1.0.200.202301161003/tools/bin/../lib/gcc/arm-none-eabi/10.3.1/../../../../arm-none-eabi/lib/thumb/v7e-m+fp/hard/libc_nano.a(lib_a-impure.o)
                0x0000000008005708                _global_impure_ptr
 .rodata.__sf_fake_stderr
                0x000000000800570c       0x20 /opt/st/stm32cubeide_1.12.0/plugins/com.st.stm32cube.ide.mcu.externaltools.gnu-tools-for-stm32.10.3-2021.10.linux64_1.0.200.202301161003/tools/bin/../lib/gcc/arm-none-eabi/10.3.1/../../../../arm-none-eabi/lib/thumb/v7e-m+fp/hard/libc_nano.a(lib_a-findfp.o)
                0x000000000800570c                __sf_fake_stderr
 .rodata.__sf_fake_stdin
                0x000000000800572c       0x20 /opt/st/stm32cubeide_1.12.0/plugins/com.st.stm32cube.ide.mcu.externaltools.gnu-tools-for-stm32.10.3-2021.10.linux64_1.0.200.202301161003/tools/bin/../lib/gcc/arm-none-eabi/10.3.1/../../../../arm-none-eabi/lib/thumb/v7e-m+fp/hard/libc_nano.a(lib_a-findfp.o)
                0x000000000800572c                __sf_fake_stdin
 .rodata.__sf_fake_stdout
                0x000000000800574c       0x20 /opt/st/stm32cubeide_1.12.0/plugins/com.st.stm32cube.ide.mcu.externaltools.gnu-tools-for-stm32.10.3-2021.10.linux64_1.0.200.202301161003/tools/bin/../lib/gcc/arm-none-eabi/10.3.1/../../../../arm-none-eabi/lib/thumb/v7e-m+fp/hard/libc_nano.a(lib_a-findfp.o)
                0x000000000800574c                __sf_fake_stdout
 .rodata._vfprintf_r.str1.1
                0x000000000800576c       0x11 /opt/st/stm32cubeide_1.12.0/plugins/com.st.stm32cube.ide.mcu.externaltools.gnu-tools-for-stm32.10.3-2021.10.linux64_1.0.200.202301161003/tools/bin/../lib/gcc/arm-none-eabi/10.3.1/../../../../arm-none-eabi/lib/thumb/v7e-m+fp/hard/libc_nano.a(lib_a-nano-vfprintf.o)
 .rodata._printf_i.str1.1
                0x000000000800577d       0x22 /opt/st/stm32cubeide_1.12.0/plugins/com.st.stm32cube.ide.mcu.externaltools.gnu-tools-for-stm32.10.3-2021.10.linux64_1.0.200.202301161003/tools/bin/../lib/gcc/arm-none-eabi/10.3.1/../../../../arm-none-eabi/lib/thumb/v7e-m+fp/hard/libc_nano.a(lib_a-nano-vfprintf_i.o)
                0x00000000080057a0                . = ALIGN (0x4)
 *fill*         0x000000000800579f        0x1 

.ARM.extab      0x00000000080057a0        0x0
                0x00000000080057a0                . = ALIGN (0x4)
 *(.ARM.extab* .gnu.linkonce.armextab.*)
                0x00000000080057a0                . = ALIGN (0x4)

.ARM            0x00000000080057a0        0x8
                0x00000000080057a0                . = ALIGN (0x4)
                0x00000000080057a0                __exidx_start = .
 *(.ARM.exidx*)
 .ARM.exidx     0x00000000080057a0        0x8 /opt/st/stm32cubeide_1.12.0/plugins/com.st.stm32cube.ide.mcu.externaltools.gnu-tools-for-stm32.10.3-2021.10.linux64_1.0.200.202301161003/tools/bin/../lib/gcc/arm-none-eabi/10.3.1/thumb/v7e-m+fp/hard/libgcc.a(_udivmoddi4.o)
                0x00000000080057a8                __exidx_end = .
                0x00000000080057a8                . = ALIGN (0x4)

.rel.dyn        0x00000000080057a8        0x0
 .rel.iplt      0x00000000080057a8        0x0 /opt/st/stm32cubeide_1.12.0/plugins/com.st.stm32cube.ide.mcu.externaltools.gnu-tools-for-stm32.10.3-2021.10.linux64_1.0.200.202301161003/tools/bin/../lib/gcc/arm-none-eabi/10.3.1/thumb/v7e-m+fp/hard/crtbegin.o

.preinit_array  0x00000000080057a8        0x0
                0x00000000080057a8                . = ALIGN (0x4)
                0x00000000080057a8                PROVIDE (__preinit_array_start = .)
 *(.preinit_array*)
                0x00000000080057a8                PROVIDE (__preinit_array_end = .)
                0x00000000080057a8                . = ALIGN (0x4)

.init_array     0x00000000080057a8        0x4
                0x00000000080057a8                . = ALIGN (0x4)
                0x00000000080057a8                PROVIDE (__init_array_start = .)
 *(SORT_BY_NAME(.init_array.*))
 *(.init_array*)
 .init_array    0x00000000080057a8        0x4 /opt/st/stm32cubeide_1.12.0/plugins/com.st.stm32cube.ide.mcu.externaltools.gnu-tools-for-stm32.10.3-2021.10.linux64_1.0.200.202301161003/tools/bin/../lib/gcc/arm-none-eabi/10.3.1/thumb/v7e-m+fp/hard/crtbegin.o
                0x00000000080057ac                PROVIDE (__init_array_end = .)
                0x00000000080057ac                . = ALIGN (0x4)

.fini_array     0x00000000080057ac        0x4
                0x00000000080057ac                . = ALIGN (0x4)
                [!provide]                        PROVIDE (__fini_array_start = .)
 *(SORT_BY_NAME(.fini_array.*))
 *(.fini_array*)
 .fini_array    0x00000000080057ac        0x4 /opt/st/stm32cubeide_1.12.0/plugins/com.st.stm32cube.ide.mcu.externaltools.gnu-tools-for-stm32.10.3-2021.10.linux64_1.0.200.202301161003/tools/bin/../lib/gcc/arm-none-eabi/10.3.1/thumb/v7e-m+fp/hard/crtbegin.o
                [!provide]                        PROVIDE (__fini_array_end = .)
                0x00000000080057b0                . = ALIGN (0x4)
                0x00000000080057b0                _sidata = LOADADDR (.data)

.data           0x0000000020000000       0x90 load address 0x00000000080057b0
                0x0000000020000000                . = ALIGN (0x4)
                0x0000000020000000                _sdata = .
 *(.data)
 *(.data*)
 .data.tx_data  0x0000000020000000       0x20 ./Core/Src/main.o
                0x0000000020000000                tx_data
 .data.SystemCoreClock
                0x0000000020000020        0x4 ./Core/Src/system_stm32f4xx.o
                0x0000000020000020                SystemCoreClock
 .data.uwTickPrio
                0x0000000020000024        0x4 ./Drivers/STM32F4xx_HAL_Driver/Src/stm32f4xx_hal.o
                0x0000000020000024                uwTickPrio
 .data.uwTickFreq
                0x0000000020000028        0x1 ./Drivers/STM32F4xx_HAL_Driver/Src/stm32f4xx_hal.o
                0x0000000020000028                uwTickFreq
 *fill*         0x0000000020000029        0x3 
 .data._impure_ptr
                0x000000002000002c        0x4 /opt/st/stm32cubeide_1.12.0/plugins/com.st.stm32cube.ide.mcu.externaltools.gnu-tools-for-stm32.10.3-2021.10.linux64_1.0.200.202301161003/tools/bin/../lib/gcc/arm-none-eabi/10.3.1/../../../../arm-none-eabi/lib/thumb/v7e-m+fp/hard/libc_nano.a(lib_a-impure.o)
                0x000000002000002c                _impure_ptr
 .data.impure_data
                0x0000000020000030       0x60 /opt/st/stm32cubeide_1.12.0/plugins/com.st.stm32cube.ide.mcu.externaltools.gnu-tools-for-stm32.10.3-2021.10.linux64_1.0.200.202301161003/tools/bin/../lib/gcc/arm-none-eabi/10.3.1/../../../../arm-none-eabi/lib/thumb/v7e-m+fp/hard/libc_nano.a(lib_a-impure.o)
 *(.RamFunc)
 *(.RamFunc*)
                0x0000000020000090                . = ALIGN (0x4)
                0x0000000020000090                _edata = .
                0x0000000008005840                _siccmram = LOADADDR (.ccmram)

.igot.plt       0x0000000020000090        0x0 load address 0x0000000008005840
 .igot.plt      0x0000000020000090        0x0 /opt/st/stm32cubeide_1.12.0/plugins/com.st.stm32cube.ide.mcu.externaltools.gnu-tools-for-stm32.10.3-2021.10.linux64_1.0.200.202301161003/tools/bin/../lib/gcc/arm-none-eabi/10.3.1/thumb/v7e-m+fp/hard/crtbegin.o

.ccmram         0x0000000010000000        0x0 load address 0x0000000008005840
                0x0000000010000000                . = ALIGN (0x4)
                0x0000000010000000                _sccmram = .
 *(.ccmram)
 *(.ccmram*)
                0x0000000010000000                . = ALIGN (0x4)
                0x0000000010000000                _eccmram = .
                0x0000000010000000                . = ALIGN (0x4)

.bss            0x0000000020000090       0xf8
                0x0000000020000090                _sbss = .
                0x0000000020000090                __bss_start__ = _sbss
 *(.bss)
 .bss           0x0000000020000090       0x1c /opt/st/stm32cubeide_1.12.0/plugins/com.st.stm32cube.ide.mcu.externaltools.gnu-tools-for-stm32.10.3-2021.10.linux64_1.0.200.202301161003/tools/bin/../lib/gcc/arm-none-eabi/10.3.1/thumb/v7e-m+fp/hard/crtbegin.o
 *(.bss*)
 .bss.START_TICK
                0x00000000200000ac        0x4 ./Core/Src/main.o
                0x00000000200000ac                START_TICK
 .bss.END_TICK  0x00000000200000b0        0x4 ./Core/Src/main.o
                0x00000000200000b0                END_TICK
 .bss.dT        0x00000000200000b4        0x4 ./Core/Src/main.o
                0x00000000200000b4                dT
 .bss.hspi1     0x00000000200000b8       0x58 ./Core/Src/spi.o
                0x00000000200000b8                hspi1
 .bss.hdma_spi1_tx
                0x0000000020000110       0x60 ./Core/Src/spi.o
                0x0000000020000110                hdma_spi1_tx
 .bss.__sbrk_heap_end
                0x0000000020000170        0x4 ./Core/Src/sysmem.o
 .bss.uwTick    0x0000000020000174        0x4 ./Drivers/STM32F4xx_HAL_Driver/Src/stm32f4xx_hal.o
                0x0000000020000174                uwTick
 .bss.__malloc_free_list
                0x0000000020000178        0x4 /opt/st/stm32cubeide_1.12.0/plugins/com.st.stm32cube.ide.mcu.externaltools.gnu-tools-for-stm32.10.3-2021.10.linux64_1.0.200.202301161003/tools/bin/../lib/gcc/arm-none-eabi/10.3.1/../../../../arm-none-eabi/lib/thumb/v7e-m+fp/hard/libc_nano.a(lib_a-nano-mallocr.o)
                0x0000000020000178                __malloc_free_list
 .bss.__malloc_sbrk_start
                0x000000002000017c        0x4 /opt/st/stm32cubeide_1.12.0/plugins/com.st.stm32cube.ide.mcu.externaltools.gnu-tools-for-stm32.10.3-2021.10.linux64_1.0.200.202301161003/tools/bin/../lib/gcc/arm-none-eabi/10.3.1/../../../../arm-none-eabi/lib/thumb/v7e-m+fp/hard/libc_nano.a(lib_a-nano-mallocr.o)
                0x000000002000017c                __malloc_sbrk_start
 .bss.__lock___malloc_recursive_mutex
                0x0000000020000180        0x1 /opt/st/stm32cubeide_1.12.0/plugins/com.st.stm32cube.ide.mcu.externaltools.gnu-tools-for-stm32.10.3-2021.10.linux64_1.0.200.202301161003/tools/bin/../lib/gcc/arm-none-eabi/10.3.1/../../../../arm-none-eabi/lib/thumb/v7e-m+fp/hard/libc_nano.a(lib_a-lock.o)
                0x0000000020000180                __lock___malloc_recursive_mutex
 .bss.__lock___sfp_recursive_mutex
                0x0000000020000181        0x1 /opt/st/stm32cubeide_1.12.0/plugins/com.st.stm32cube.ide.mcu.externaltools.gnu-tools-for-stm32.10.3-2021.10.linux64_1.0.200.202301161003/tools/bin/../lib/gcc/arm-none-eabi/10.3.1/../../../../arm-none-eabi/lib/thumb/v7e-m+fp/hard/libc_nano.a(lib_a-lock.o)
                0x0000000020000181                __lock___sfp_recursive_mutex
 .bss.__lock___sinit_recursive_mutex
                0x0000000020000182        0x1 /opt/st/stm32cubeide_1.12.0/plugins/com.st.stm32cube.ide.mcu.externaltools.gnu-tools-for-stm32.10.3-2021.10.linux64_1.0.200.202301161003/tools/bin/../lib/gcc/arm-none-eabi/10.3.1/../../../../arm-none-eabi/lib/thumb/v7e-m+fp/hard/libc_nano.a(lib_a-lock.o)
                0x0000000020000182                __lock___sinit_recursive_mutex
 *fill*         0x0000000020000183        0x1 
 .bss.errno     0x0000000020000184        0x4 /opt/st/stm32cubeide_1.12.0/plugins/com.st.stm32cube.ide.mcu.externaltools.gnu-tools-for-stm32.10.3-2021.10.linux64_1.0.200.202301161003/tools/bin/../lib/gcc/arm-none-eabi/10.3.1/../../../../arm-none-eabi/lib/thumb/v7e-m+fp/hard/libc_nano.a(lib_a-reent.o)
                0x0000000020000184                errno
 *(COMMON)
                0x0000000020000188                . = ALIGN (0x4)
                0x0000000020000188                _ebss = .
                0x0000000020000188                __bss_end__ = _ebss

._user_heap_stack
                0x0000000020000188      0x600
                0x0000000020000188                . = ALIGN (0x8)
                [!provide]                        PROVIDE (end = .)
                0x0000000020000188                PROVIDE (_end = .)
                0x0000000020000388                . = (. + _Min_Heap_Size)
 *fill*         0x0000000020000188      0x200 
                0x0000000020000788                . = (. + _Min_Stack_Size)
 *fill*         0x0000000020000388      0x400 
                0x0000000020000788                . = ALIGN (0x8)

/DISCARD/
 libc.a(*)
 libm.a(*)
 libgcc.a(*)

.ARM.attributes
                0x0000000000000000       0x30
 *(.ARM.attributes)
 .ARM.attributes
                0x0000000000000000       0x1e /opt/st/stm32cubeide_1.12.0/plugins/com.st.stm32cube.ide.mcu.externaltools.gnu-tools-for-stm32.10.3-2021.10.linux64_1.0.200.202301161003/tools/bin/../lib/gcc/arm-none-eabi/10.3.1/thumb/v7e-m+fp/hard/crti.o
 .ARM.attributes
                0x000000000000001e       0x34 /opt/st/stm32cubeide_1.12.0/plugins/com.st.stm32cube.ide.mcu.externaltools.gnu-tools-for-stm32.10.3-2021.10.linux64_1.0.200.202301161003/tools/bin/../lib/gcc/arm-none-eabi/10.3.1/thumb/v7e-m+fp/hard/crtbegin.o
 .ARM.attributes
                0x0000000000000052       0x34 ./Core/Src/dma.o
 .ARM.attributes
                0x0000000000000086       0x34 ./Core/Src/fast_spi.o
 .ARM.attributes
                0x00000000000000ba       0x34 ./Core/Src/gpio.o
 .ARM.attributes
                0x00000000000000ee       0x34 ./Core/Src/main.o
 .ARM.attributes
                0x0000000000000122       0x34 ./Core/Src/spi.o
 .ARM.attributes
                0x0000000000000156       0x34 ./Core/Src/stm32f4xx_hal_msp.o
 .ARM.attributes
                0x000000000000018a       0x34 ./Core/Src/stm32f4xx_it.o
 .ARM.attributes
                0x00000000000001be       0x34 ./Core/Src/syscalls.o
 .ARM.attributes
                0x00000000000001f2       0x34 ./Core/Src/sysmem.o
 .ARM.attributes
                0x0000000000000226       0x34 ./Core/Src/system_stm32f4xx.o
 .ARM.attributes
                0x000000000000025a       0x21 ./Core/Startup/startup_stm32f407vgtx.o
 .ARM.attributes
                0x000000000000027b       0x34 ./Drivers/STM32F4xx_HAL_Driver/Src/stm32f4xx_hal.o
 .ARM.attributes
                0x00000000000002af       0x34 ./Drivers/STM32F4xx_HAL_Driver/Src/stm32f4xx_hal_cortex.o
 .ARM.attributes
                0x00000000000002e3       0x34 ./Drivers/STM32F4xx_HAL_Driver/Src/stm32f4xx_hal_dma.o
 .ARM.attributes
                0x0000000000000317       0x34 ./Drivers/STM32F4xx_HAL_Driver/Src/stm32f4xx_hal_gpio.o
 .ARM.attributes
                0x000000000000034b       0x34 ./Drivers/STM32F4xx_HAL_Driver/Src/stm32f4xx_hal_rcc.o
 .ARM.attributes
                0x000000000000037f       0x34 ./Drivers/STM32F4xx_HAL_Driver/Src/stm32f4xx_hal_spi.o
 .ARM.attributes
                0x00000000000003b3       0x34 ./nRF24L01p/nrf24l01p.o
 .ARM.attributes
                0x00000000000003e7       0x34 /opt/st/stm32cubeide_1.12.0/plugins/com.st.stm32cube.ide.mcu.externaltools.gnu-tools-for-stm32.10.3-2021.10.linux64_1.0.200.202301161003/tools/bin/../lib/gcc/arm-none-eabi/10.3.1/../../../../arm-none-eabi/lib/thumb/v7e-m+fp/hard/libc_nano.a(lib_a-errno.o)
 .ARM.attributes
                0x000000000000041b       0x34 /opt/st/stm32cubeide_1.12.0/plugins/com.st.stm32cube.ide.mcu.externaltools.gnu-tools-for-stm32.10.3-2021.10.linux64_1.0.200.202301161003/tools/bin/../lib/gcc/arm-none-eabi/10.3.1/../../../../arm-none-eabi/lib/thumb/v7e-m+fp/hard/libc_nano.a(lib_a-impure.o)
 .ARM.attributes
                0x000000000000044f       0x34 /opt/st/stm32cubeide_1.12.0/plugins/com.st.stm32cube.ide.mcu.externaltools.gnu-tools-for-stm32.10.3-2021.10.linux64_1.0.200.202301161003/tools/bin/../lib/gcc/arm-none-eabi/10.3.1/../../../../arm-none-eabi/lib/thumb/v7e-m+fp/hard/libc_nano.a(lib_a-init.o)
 .ARM.attributes
                0x0000000000000483       0x34 /opt/st/stm32cubeide_1.12.0/plugins/com.st.stm32cube.ide.mcu.externaltools.gnu-tools-for-stm32.10.3-2021.10.linux64_1.0.200.202301161003/tools/bin/../lib/gcc/arm-none-eabi/10.3.1/../../../../arm-none-eabi/lib/thumb/v7e-m+fp/hard/libc_nano.a(lib_a-malloc.o)
 .ARM.attributes
                0x00000000000004b7       0x34 /opt/st/stm32cubeide_1.12.0/plugins/com.st.stm32cube.ide.mcu.externaltools.gnu-tools-for-stm32.10.3-2021.10.linux64_1.0.200.202301161003/tools/bin/../lib/gcc/arm-none-eabi/10.3.1/../../../../arm-none-eabi/lib/thumb/v7e-m+fp/hard/libc_nano.a(lib_a-memset.o)
 .ARM.attributes
                0x00000000000004eb       0x34 /opt/st/stm32cubeide_1.12.0/plugins/com.st.stm32cube.ide.mcu.externaltools.gnu-tools-for-stm32.10.3-2021.10.linux64_1.0.200.202301161003/tools/bin/../lib/gcc/arm-none-eabi/10.3.1/../../../../arm-none-eabi/lib/thumb/v7e-m+fp/hard/libc_nano.a(lib_a-nano-freer.o)
 .ARM.attributes
                0x000000000000051f       0x34 /opt/st/stm32cubeide_1.12.0/plugins/com.st.stm32cube.ide.mcu.externaltools.gnu-tools-for-stm32.10.3-2021.10.linux64_1.0.200.202301161003/tools/bin/../lib/gcc/arm-none-eabi/10.3.1/../../../../arm-none-eabi/lib/thumb/v7e-m+fp/hard/libc_nano.a(lib_a-nano-mallocr.o)
 .ARM.attributes
                0x0000000000000553       0x34 /opt/st/stm32cubeide_1.12.0/plugins/com.st.stm32cube.ide.mcu.externaltools.gnu-tools-for-stm32.10.3-2021.10.linux64_1.0.200.202301161003/tools/bin/../lib/gcc/arm-none-eabi/10.3.1/../../../../arm-none-eabi/lib/thumb/v7e-m+fp/hard/libc_nano.a(lib_a-printf.o)
 .ARM.attributes
                0x0000000000000587       0x34 /opt/st/stm32cubeide_1.12.0/plugins/com.st.stm32cube.ide.mcu.externaltools.gnu-tools-for-stm32.10.3-2021.10.linux64_1.0.200.202301161003/tools/bin/../lib/gcc/arm-none-eabi/10.3.1/../../../../arm-none-eabi/lib/thumb/v7e-m+fp/hard/libc_nano.a(lib_a-puts.o)
 .ARM.attributes
                0x00000000000005bb       0x34 /opt/st/stm32cubeide_1.12.0/plugins/com.st.stm32cube.ide.mcu.externaltools.gnu-tools-for-stm32.10.3-2021.10.linux64_1.0.200.202301161003/tools/bin/../lib/gcc/arm-none-eabi/10.3.1/../../../../arm-none-eabi/lib/thumb/v7e-m+fp/hard/libc_nano.a(lib_a-sbrkr.o)
 .ARM.attributes
                0x00000000000005ef       0x34 /opt/st/stm32cubeide_1.12.0/plugins/com.st.stm32cube.ide.mcu.externaltools.gnu-tools-for-stm32.10.3-2021.10.linux64_1.0.200.202301161003/tools/bin/../lib/gcc/arm-none-eabi/10.3.1/../../../../arm-none-eabi/lib/thumb/v7e-m+fp/hard/libc_nano.a(lib_a-wbuf.o)
 .ARM.attributes
                0x0000000000000623       0x34 /opt/st/stm32cubeide_1.12.0/plugins/com.st.stm32cube.ide.mcu.externaltools.gnu-tools-for-stm32.10.3-2021.10.linux64_1.0.200.202301161003/tools/bin/../lib/gcc/arm-none-eabi/10.3.1/../../../../arm-none-eabi/lib/thumb/v7e-m+fp/hard/libc_nano.a(lib_a-wsetup.o)
 .ARM.attributes
                0x0000000000000657       0x34 /opt/st/stm32cubeide_1.12.0/plugins/com.st.stm32cube.ide.mcu.externaltools.gnu-tools-for-stm32.10.3-2021.10.linux64_1.0.200.202301161003/tools/bin/../lib/gcc/arm-none-eabi/10.3.1/../../../../arm-none-eabi/lib/thumb/v7e-m+fp/hard/libc_nano.a(lib_a-fflush.o)
 .ARM.attributes
                0x000000000000068b       0x34 /opt/st/stm32cubeide_1.12.0/plugins/com.st.stm32cube.ide.mcu.externaltools.gnu-tools-for-stm32.10.3-2021.10.linux64_1.0.200.202301161003/tools/bin/../lib/gcc/arm-none-eabi/10.3.1/../../../../arm-none-eabi/lib/thumb/v7e-m+fp/hard/libc_nano.a(lib_a-findfp.o)
 .ARM.attributes
                0x00000000000006bf       0x34 /opt/st/stm32cubeide_1.12.0/plugins/com.st.stm32cube.ide.mcu.externaltools.gnu-tools-for-stm32.10.3-2021.10.linux64_1.0.200.202301161003/tools/bin/../lib/gcc/arm-none-eabi/10.3.1/../../../../arm-none-eabi/lib/thumb/v7e-m+fp/hard/libc_nano.a(lib_a-fwalk.o)
 .ARM.attributes
                0x00000000000006f3       0x34 /opt/st/stm32cubeide_1.12.0/plugins/com.st.stm32cube.ide.mcu.externaltools.gnu-tools-for-stm32.10.3-2021.10.linux64_1.0.200.202301161003/tools/bin/../lib/gcc/arm-none-eabi/10.3.1/../../../../arm-none-eabi/lib/thumb/v7e-m+fp/hard/libc_nano.a(lib_a-lock.o)
 .ARM.attributes
                0x0000000000000727       0x34 /opt/st/stm32cubeide_1.12.0/plugins/com.st.stm32cube.ide.mcu.externaltools.gnu-tools-for-stm32.10.3-2021.10.linux64_1.0.200.202301161003/tools/bin/../lib/gcc/arm-none-eabi/10.3.1/../../../../arm-none-eabi/lib/thumb/v7e-m+fp/hard/libc_nano.a(lib_a-makebuf.o)
 .ARM.attributes
                0x000000000000075b       0x34 /opt/st/stm32cubeide_1.12.0/plugins/com.st.stm32cube.ide.mcu.externaltools.gnu-tools-for-stm32.10.3-2021.10.linux64_1.0.200.202301161003/tools/bin/../lib/gcc/arm-none-eabi/10.3.1/../../../../arm-none-eabi/lib/thumb/v7e-m+fp/hard/libc_nano.a(lib_a-mlock.o)
 .ARM.attributes
                0x000000000000078f       0x34 /opt/st/stm32cubeide_1.12.0/plugins/com.st.stm32cube.ide.mcu.externaltools.gnu-tools-for-stm32.10.3-2021.10.linux64_1.0.200.202301161003/tools/bin/../lib/gcc/arm-none-eabi/10.3.1/../../../../arm-none-eabi/lib/thumb/v7e-m+fp/hard/libc_nano.a(lib_a-nano-vfprintf.o)
 .ARM.attributes
                0x00000000000007c3       0x34 /opt/st/stm32cubeide_1.12.0/plugins/com.st.stm32cube.ide.mcu.externaltools.gnu-tools-for-stm32.10.3-2021.10.linux64_1.0.200.202301161003/tools/bin/../lib/gcc/arm-none-eabi/10.3.1/../../../../arm-none-eabi/lib/thumb/v7e-m+fp/hard/libc_nano.a(lib_a-nano-vfprintf_i.o)
 .ARM.attributes
                0x00000000000007f7       0x34 /opt/st/stm32cubeide_1.12.0/plugins/com.st.stm32cube.ide.mcu.externaltools.gnu-tools-for-stm32.10.3-2021.10.linux64_1.0.200.202301161003/tools/bin/../lib/gcc/arm-none-eabi/10.3.1/../../../../arm-none-eabi/lib/thumb/v7e-m+fp/hard/libc_nano.a(lib_a-reent.o)
 .ARM.attributes
                0x000000000000082b       0x34 /opt/st/stm32cubeide_1.12.0/plugins/com.st.stm32cube.ide.mcu.externaltools.gnu-tools-for-stm32.10.3-2021.10.linux64_1.0.200.202301161003/tools/bin/../lib/gcc/arm-none-eabi/10.3.1/../../../../arm-none-eabi/lib/thumb/v7e-m+fp/hard/libc_nano.a(lib_a-stdio.o)
 .ARM.attributes
                0x000000000000085f       0x34 /opt/st/stm32cubeide_1.12.0/plugins/com.st.stm32cube.ide.mcu.externaltools.gnu-tools-for-stm32.10.3-2021.10.linux64_1.0.200.202301161003/tools/bin/../lib/gcc/arm-none-eabi/10.3.1/../../../../arm-none-eabi/lib/thumb/v7e-m+fp/hard/libc_nano.a(lib_a-writer.o)
 .ARM.attributes
                0x0000000000000893       0x34 /opt/st/stm32cubeide_1.12.0/plugins/com.st.stm32cube.ide.mcu.externaltools.gnu-tools-for-stm32.10.3-2021.10.linux64_1.0.200.202301161003/tools/bin/../lib/gcc/arm-none-eabi/10.3.1/../../../../arm-none-eabi/lib/thumb/v7e-m+fp/hard/libc_nano.a(lib_a-closer.o)
 .ARM.attributes
                0x00000000000008c7       0x34 /opt/st/stm32cubeide_1.12.0/plugins/com.st.stm32cube.ide.mcu.externaltools.gnu-tools-for-stm32.10.3-2021.10.linux64_1.0.200.202301161003/tools/bin/../lib/gcc/arm-none-eabi/10.3.1/../../../../arm-none-eabi/lib/thumb/v7e-m+fp/hard/libc_nano.a(lib_a-fstatr.o)
 .ARM.attributes
                0x00000000000008fb       0x34 /opt/st/stm32cubeide_1.12.0/plugins/com.st.stm32cube.ide.mcu.externaltools.gnu-tools-for-stm32.10.3-2021.10.linux64_1.0.200.202301161003/tools/bin/../lib/gcc/arm-none-eabi/10.3.1/../../../../arm-none-eabi/lib/thumb/v7e-m+fp/hard/libc_nano.a(lib_a-isattyr.o)
 .ARM.attributes
                0x000000000000092f       0x34 /opt/st/stm32cubeide_1.12.0/plugins/com.st.stm32cube.ide.mcu.externaltools.gnu-tools-for-stm32.10.3-2021.10.linux64_1.0.200.202301161003/tools/bin/../lib/gcc/arm-none-eabi/10.3.1/../../../../arm-none-eabi/lib/thumb/v7e-m+fp/hard/libc_nano.a(lib_a-lseekr.o)
 .ARM.attributes
                0x0000000000000963       0x1c /opt/st/stm32cubeide_1.12.0/plugins/com.st.stm32cube.ide.mcu.externaltools.gnu-tools-for-stm32.10.3-2021.10.linux64_1.0.200.202301161003/tools/bin/../lib/gcc/arm-none-eabi/10.3.1/../../../../arm-none-eabi/lib/thumb/v7e-m+fp/hard/libc_nano.a(lib_a-memchr.o)
 .ARM.attributes
                0x000000000000097f       0x34 /opt/st/stm32cubeide_1.12.0/plugins/com.st.stm32cube.ide.mcu.externaltools.gnu-tools-for-stm32.10.3-2021.10.linux64_1.0.200.202301161003/tools/bin/../lib/gcc/arm-none-eabi/10.3.1/../../../../arm-none-eabi/lib/thumb/v7e-m+fp/hard/libc_nano.a(lib_a-readr.o)
 .ARM.attributes
                0x00000000000009b3       0x1e /opt/st/stm32cubeide_1.12.0/plugins/com.st.stm32cube.ide.mcu.externaltools.gnu-tools-for-stm32.10.3-2021.10.linux64_1.0.200.202301161003/tools/bin/../lib/gcc/arm-none-eabi/10.3.1/thumb/v7e-m+fp/hard/libgcc.a(_arm_addsubdf3.o)
 .ARM.attributes
                0x00000000000009d1       0x1e /opt/st/stm32cubeide_1.12.0/plugins/com.st.stm32cube.ide.mcu.externaltools.gnu-tools-for-stm32.10.3-2021.10.linux64_1.0.200.202301161003/tools/bin/../lib/gcc/arm-none-eabi/10.3.1/thumb/v7e-m+fp/hard/libgcc.a(_arm_muldivdf3.o)
 .ARM.attributes
                0x00000000000009ef       0x1e /opt/st/stm32cubeide_1.12.0/plugins/com.st.stm32cube.ide.mcu.externaltools.gnu-tools-for-stm32.10.3-2021.10.linux64_1.0.200.202301161003/tools/bin/../lib/gcc/arm-none-eabi/10.3.1/thumb/v7e-m+fp/hard/libgcc.a(_arm_truncdfsf2.o)
 .ARM.attributes
                0x0000000000000a0d       0x1e /opt/st/stm32cubeide_1.12.0/plugins/com.st.stm32cube.ide.mcu.externaltools.gnu-tools-for-stm32.10.3-2021.10.linux64_1.0.200.202301161003/tools/bin/../lib/gcc/arm-none-eabi/10.3.1/thumb/v7e-m+fp/hard/libgcc.a(_aeabi_uldivmod.o)
 .ARM.attributes
                0x0000000000000a2b       0x34 /opt/st/stm32cubeide_1.12.0/plugins/com.st.stm32cube.ide.mcu.externaltools.gnu-tools-for-stm32.10.3-2021.10.linux64_1.0.200.202301161003/tools/bin/../lib/gcc/arm-none-eabi/10.3.1/thumb/v7e-m+fp/hard/libgcc.a(_udivmoddi4.o)
 .ARM.attributes
                0x0000000000000a5f       0x1e /opt/st/stm32cubeide_1.12.0/plugins/com.st.stm32cube.ide.mcu.externaltools.gnu-tools-for-stm32.10.3-2021.10.linux64_1.0.200.202301161003/tools/bin/../lib/gcc/arm-none-eabi/10.3.1/thumb/v7e-m+fp/hard/libgcc.a(_dvmd_tls.o)
 .ARM.attributes
                0x0000000000000a7d       0x1e /opt/st/stm32cubeide_1.12.0/plugins/com.st.stm32cube.ide.mcu.externaltools.gnu-tools-for-stm32.10.3-2021.10.linux64_1.0.200.202301161003/tools/bin/../lib/gcc/arm-none-eabi/10.3.1/thumb/v7e-m+fp/hard/crtn.o
OUTPUT(STM32F407_NRF24L01p.elf elf32-littlearm)
LOAD linker stubs
LOAD /opt/st/stm32cubeide_1.12.0/plugins/com.st.stm32cube.ide.mcu.externaltools.gnu-tools-for-stm32.10.3-2021.10.linux64_1.0.200.202301161003/tools/bin/../lib/gcc/arm-none-eabi/10.3.1/../../../../arm-none-eabi/lib/thumb/v7e-m+fp/hard/libc.a
LOAD /opt/st/stm32cubeide_1.12.0/plugins/com.st.stm32cube.ide.mcu.externaltools.gnu-tools-for-stm32.10.3-2021.10.linux64_1.0.200.202301161003/tools/bin/../lib/gcc/arm-none-eabi/10.3.1/../../../../arm-none-eabi/lib/thumb/v7e-m+fp/hard/libm.a
LOAD /opt/st/stm32cubeide_1.12.0/plugins/com.st.stm32cube.ide.mcu.externaltools.gnu-tools-for-stm32.10.3-2021.10.linux64_1.0.200.202301161003/tools/bin/../lib/gcc/arm-none-eabi/10.3.1/thumb/v7e-m+fp/hard/libgcc.a

.debug_info     0x0000000000000000     0x9bde
 .debug_info    0x0000000000000000      0x4ec ./Core/Src/dma.o
 .debug_info    0x00000000000004ec      0x1bb ./Core/Src/fast_spi.o
 .debug_info    0x00000000000006a7      0x454 ./Core/Src/gpio.o
 .debug_info    0x0000000000000afb      0xde4 ./Core/Src/main.o
 .debug_info    0x00000000000018df      0xc9f ./Core/Src/spi.o
 .debug_info    0x000000000000257e      0x2bb ./Core/Src/stm32f4xx_hal_msp.o
 .debug_info    0x0000000000002839      0x6e1 ./Core/Src/stm32f4xx_it.o
 .debug_info    0x0000000000002f1a      0x6e0 ./Core/Src/syscalls.o
 .debug_info    0x00000000000035fa      0x171 ./Core/Src/sysmem.o
 .debug_info    0x000000000000376b      0x523 ./Core/Src/system_stm32f4xx.o
 .debug_info    0x0000000000003c8e       0x22 ./Core/Startup/startup_stm32f407vgtx.o
 .debug_info    0x0000000000003cb0      0x97c ./Drivers/STM32F4xx_HAL_Driver/Src/stm32f4xx_hal.o
 .debug_info    0x000000000000462c      0xe1b ./Drivers/STM32F4xx_HAL_Driver/Src/stm32f4xx_hal_cortex.o
 .debug_info    0x0000000000005447      0x94f ./Drivers/STM32F4xx_HAL_Driver/Src/stm32f4xx_hal_dma.o
 .debug_info    0x0000000000005d96      0x76a ./Drivers/STM32F4xx_HAL_Driver/Src/stm32f4xx_hal_gpio.o
 .debug_info    0x0000000000006500      0x966 ./Drivers/STM32F4xx_HAL_Driver/Src/stm32f4xx_hal_rcc.o
 .debug_info    0x0000000000006e66     0x18a3 ./Drivers/STM32F4xx_HAL_Driver/Src/stm32f4xx_hal_spi.o
 .debug_info    0x0000000000008709     0x14d5 ./nRF24L01p/nrf24l01p.o

.debug_abbrev   0x0000000000000000     0x1fe7
 .debug_abbrev  0x0000000000000000      0x10a ./Core/Src/dma.o
 .debug_abbrev  0x000000000000010a       0xec ./Core/Src/fast_spi.o
 .debug_abbrev  0x00000000000001f6      0x146 ./Core/Src/gpio.o
 .debug_abbrev  0x000000000000033c      0x27e ./Core/Src/main.o
 .debug_abbrev  0x00000000000005ba      0x211 ./Core/Src/spi.o
 .debug_abbrev  0x00000000000007cb       0xf0 ./Core/Src/stm32f4xx_hal_msp.o
 .debug_abbrev  0x00000000000008bb      0x170 ./Core/Src/stm32f4xx_it.o
 .debug_abbrev  0x0000000000000a2b      0x1b3 ./Core/Src/syscalls.o
 .debug_abbrev  0x0000000000000bde       0xbb ./Core/Src/sysmem.o
 .debug_abbrev  0x0000000000000c99      0x116 ./Core/Src/system_stm32f4xx.o
 .debug_abbrev  0x0000000000000daf       0x12 ./Core/Startup/startup_stm32f407vgtx.o
 .debug_abbrev  0x0000000000000dc1      0x20d ./Drivers/STM32F4xx_HAL_Driver/Src/stm32f4xx_hal.o
 .debug_abbrev  0x0000000000000fce      0x316 ./Drivers/STM32F4xx_HAL_Driver/Src/stm32f4xx_hal_cortex.o
 .debug_abbrev  0x00000000000012e4      0x25b ./Drivers/STM32F4xx_HAL_Driver/Src/stm32f4xx_hal_dma.o
 .debug_abbrev  0x000000000000153f      0x1c4 ./Drivers/STM32F4xx_HAL_Driver/Src/stm32f4xx_hal_gpio.o
 .debug_abbrev  0x0000000000001703      0x2aa ./Drivers/STM32F4xx_HAL_Driver/Src/stm32f4xx_hal_rcc.o
 .debug_abbrev  0x00000000000019ad      0x26e ./Drivers/STM32F4xx_HAL_Driver/Src/stm32f4xx_hal_spi.o
 .debug_abbrev  0x0000000000001c1b      0x3cc ./nRF24L01p/nrf24l01p.o

.debug_aranges  0x0000000000000000      0x958
 .debug_aranges
                0x0000000000000000       0x20 ./Core/Src/dma.o
 .debug_aranges
                0x0000000000000020       0x20 ./Core/Src/fast_spi.o
 .debug_aranges
                0x0000000000000040       0x20 ./Core/Src/gpio.o
 .debug_aranges
                0x0000000000000060       0x38 ./Core/Src/main.o
 .debug_aranges
                0x0000000000000098       0x30 ./Core/Src/spi.o
 .debug_aranges
                0x00000000000000c8       0x20 ./Core/Src/stm32f4xx_hal_msp.o
 .debug_aranges
                0x00000000000000e8       0x70 ./Core/Src/stm32f4xx_it.o
 .debug_aranges
                0x0000000000000158       0xa8 ./Core/Src/syscalls.o
 .debug_aranges
                0x0000000000000200       0x20 ./Core/Src/sysmem.o
 .debug_aranges
                0x0000000000000220       0x28 ./Core/Src/system_stm32f4xx.o
 .debug_aranges
                0x0000000000000248       0x28 ./Core/Startup/startup_stm32f407vgtx.o
 .debug_aranges
                0x0000000000000270       0xf0 ./Drivers/STM32F4xx_HAL_Driver/Src/stm32f4xx_hal.o
 .debug_aranges
                0x0000000000000360      0x118 ./Drivers/STM32F4xx_HAL_Driver/Src/stm32f4xx_hal_cortex.o
 .debug_aranges
                0x0000000000000478       0x90 ./Drivers/STM32F4xx_HAL_Driver/Src/stm32f4xx_hal_dma.o
 .debug_aranges
                0x0000000000000508       0x58 ./Drivers/STM32F4xx_HAL_Driver/Src/stm32f4xx_hal_gpio.o
 .debug_aranges
                0x0000000000000560       0x88 ./Drivers/STM32F4xx_HAL_Driver/Src/stm32f4xx_hal_rcc.o
 .debug_aranges
                0x00000000000005e8      0x1f0 ./Drivers/STM32F4xx_HAL_Driver/Src/stm32f4xx_hal_spi.o
 .debug_aranges
                0x00000000000007d8      0x180 ./nRF24L01p/nrf24l01p.o

.debug_ranges   0x0000000000000000      0x840
 .debug_ranges  0x0000000000000000       0x10 ./Core/Src/dma.o
 .debug_ranges  0x0000000000000010       0x10 ./Core/Src/fast_spi.o
 .debug_ranges  0x0000000000000020       0x10 ./Core/Src/gpio.o
 .debug_ranges  0x0000000000000030       0x28 ./Core/Src/main.o
 .debug_ranges  0x0000000000000058       0x20 ./Core/Src/spi.o
 .debug_ranges  0x0000000000000078       0x10 ./Core/Src/stm32f4xx_hal_msp.o
 .debug_ranges  0x0000000000000088       0x60 ./Core/Src/stm32f4xx_it.o
 .debug_ranges  0x00000000000000e8       0x98 ./Core/Src/syscalls.o
 .debug_ranges  0x0000000000000180       0x10 ./Core/Src/sysmem.o
 .debug_ranges  0x0000000000000190       0x18 ./Core/Src/system_stm32f4xx.o
 .debug_ranges  0x00000000000001a8       0x20 ./Core/Startup/startup_stm32f407vgtx.o
 .debug_ranges  0x00000000000001c8       0xe0 ./Drivers/STM32F4xx_HAL_Driver/Src/stm32f4xx_hal.o
 .debug_ranges  0x00000000000002a8      0x108 ./Drivers/STM32F4xx_HAL_Driver/Src/stm32f4xx_hal_cortex.o
 .debug_ranges  0x00000000000003b0       0x80 ./Drivers/STM32F4xx_HAL_Driver/Src/stm32f4xx_hal_dma.o
 .debug_ranges  0x0000000000000430       0x48 ./Drivers/STM32F4xx_HAL_Driver/Src/stm32f4xx_hal_gpio.o
 .debug_ranges  0x0000000000000478       0x78 ./Drivers/STM32F4xx_HAL_Driver/Src/stm32f4xx_hal_rcc.o
 .debug_ranges  0x00000000000004f0      0x1e0 ./Drivers/STM32F4xx_HAL_Driver/Src/stm32f4xx_hal_spi.o
 .debug_ranges  0x00000000000006d0      0x170 ./nRF24L01p/nrf24l01p.o

.debug_macro    0x0000000000000000    0x218d3
 .debug_macro   0x0000000000000000      0x1d3 ./Core/Src/dma.o
 .debug_macro   0x00000000000001d3      0xa78 ./Core/Src/dma.o
 .debug_macro   0x0000000000000c4b      0x295 ./Core/Src/dma.o
 .debug_macro   0x0000000000000ee0       0x2e ./Core/Src/dma.o
 .debug_macro   0x0000000000000f0e       0x2f ./Core/Src/dma.o
 .debug_macro   0x0000000000000f3d       0x22 ./Core/Src/dma.o
 .debug_macro   0x0000000000000f5f       0x8e ./Core/Src/dma.o
 .debug_macro   0x0000000000000fed       0x51 ./Core/Src/dma.o
 .debug_macro   0x000000000000103e      0x103 ./Core/Src/dma.o
 .debug_macro   0x0000000000001141       0x6a ./Core/Src/dma.o
 .debug_macro   0x00000000000011ab      0x1df ./Core/Src/dma.o
 .debug_macro   0x000000000000138a       0x1c ./Core/Src/dma.o
 .debug_macro   0x00000000000013a6       0x22 ./Core/Src/dma.o
 .debug_macro   0x00000000000013c8       0xd9 ./Core/Src/dma.o
 .debug_macro   0x00000000000014a1     0x102d ./Core/Src/dma.o
 .debug_macro   0x00000000000024ce      0x11f ./Core/Src/dma.o
 .debug_macro   0x00000000000025ed    0x15e82 ./Core/Src/dma.o
 .debug_macro   0x000000000001846f       0x6d ./Core/Src/dma.o
 .debug_macro   0x00000000000184dc     0x367e ./Core/Src/dma.o
 .debug_macro   0x000000000001bb5a      0x174 ./Core/Src/dma.o
 .debug_macro   0x000000000001bcce       0x5c ./Core/Src/dma.o
 .debug_macro   0x000000000001bd2a      0x96b ./Core/Src/dma.o
 .debug_macro   0x000000000001c695      0x9fe ./Core/Src/dma.o
 .debug_macro   0x000000000001d093      0x115 ./Core/Src/dma.o
 .debug_macro   0x000000000001d1a8      0x13e ./Core/Src/dma.o
 .debug_macro   0x000000000001d2e6       0xa5 ./Core/Src/dma.o
 .debug_macro   0x000000000001d38b      0x174 ./Core/Src/dma.o
 .debug_macro   0x000000000001d4ff      0x287 ./Core/Src/dma.o
 .debug_macro   0x000000000001d786       0x5f ./Core/Src/dma.o
 .debug_macro   0x000000000001d7e5      0x236 ./Core/Src/dma.o
 .debug_macro   0x000000000001da1b      0x12c ./Core/Src/dma.o
 .debug_macro   0x000000000001db47      0x21e ./Core/Src/dma.o
 .debug_macro   0x000000000001dd65       0x2e ./Core/Src/dma.o
 .debug_macro   0x000000000001dd93      0x11a ./Core/Src/dma.o
 .debug_macro   0x000000000001dead       0x7e ./Core/Src/dma.o
 .debug_macro   0x000000000001df2b       0x89 ./Core/Src/dma.o
 .debug_macro   0x000000000001dfb4      0x225 ./Core/Src/dma.o
 .debug_macro   0x000000000001e1d9      0x12d ./Core/Src/dma.o
 .debug_macro   0x000000000001e306       0x28 ./Core/Src/dma.o
 .debug_macro   0x000000000001e32e       0xd2 ./Core/Src/fast_spi.o
 .debug_macro   0x000000000001e400       0x22 ./Core/Src/fast_spi.o
 .debug_macro   0x000000000001e422      0x1d3 ./Core/Src/gpio.o
 .debug_macro   0x000000000001e5f5      0x3a4 ./Core/Src/main.o
 .debug_macro   0x000000000001e999       0x1e ./Core/Src/main.o
 .debug_macro   0x000000000001e9b7       0x52 ./Core/Src/main.o
 .debug_macro   0x000000000001ea09       0x3c ./Core/Src/main.o
 .debug_macro   0x000000000001ea45       0x34 ./Core/Src/main.o
 .debug_macro   0x000000000001ea79       0x16 ./Core/Src/main.o
 .debug_macro   0x000000000001ea8f       0x35 ./Core/Src/main.o
 .debug_macro   0x000000000001eac4       0x16 ./Core/Src/main.o
 .debug_macro   0x000000000001eada       0x43 ./Core/Src/main.o
 .debug_macro   0x000000000001eb1d       0x34 ./Core/Src/main.o
 .debug_macro   0x000000000001eb51       0x10 ./Core/Src/main.o
 .debug_macro   0x000000000001eb61       0x58 ./Core/Src/main.o
 .debug_macro   0x000000000001ebb9       0x71 ./Core/Src/main.o
 .debug_macro   0x000000000001ec2a       0x1c ./Core/Src/main.o
 .debug_macro   0x000000000001ec46      0x12a ./Core/Src/main.o
 .debug_macro   0x000000000001ed70      0x341 ./Core/Src/main.o
 .debug_macro   0x000000000001f0b1       0x16 ./Core/Src/main.o
 .debug_macro   0x000000000001f0c7       0x29 ./Core/Src/main.o
 .debug_macro   0x000000000001f0f0       0x1c ./Core/Src/main.o
 .debug_macro   0x000000000001f10c       0x10 ./Core/Src/main.o
 .debug_macro   0x000000000001f11c       0x10 ./Core/Src/main.o
 .debug_macro   0x000000000001f12c       0x1c ./Core/Src/main.o
 .debug_macro   0x000000000001f148       0x52 ./Core/Src/main.o
 .debug_macro   0x000000000001f19a       0x22 ./Core/Src/main.o
 .debug_macro   0x000000000001f1bc       0x10 ./Core/Src/main.o
 .debug_macro   0x000000000001f1cc       0x52 ./Core/Src/main.o
 .debug_macro   0x000000000001f21e       0xd5 ./Core/Src/main.o
 .debug_macro   0x000000000001f2f3       0x1c ./Core/Src/main.o
 .debug_macro   0x000000000001f30f       0x3d ./Core/Src/main.o
 .debug_macro   0x000000000001f34c       0x16 ./Core/Src/main.o
 .debug_macro   0x000000000001f362      0x145 ./Core/Src/main.o
 .debug_macro   0x000000000001f4a7      0x160 ./Core/Src/main.o
 .debug_macro   0x000000000001f607      0x1d3 ./Core/Src/spi.o
 .debug_macro   0x000000000001f7da      0x1c9 ./Core/Src/stm32f4xx_hal_msp.o
 .debug_macro   0x000000000001f9a3      0x1d3 ./Core/Src/stm32f4xx_it.o
 .debug_macro   0x000000000001fb76      0x24c ./Core/Src/syscalls.o
 .debug_macro   0x000000000001fdc2       0x4c ./Core/Src/syscalls.o
 .debug_macro   0x000000000001fe0e       0x94 ./Core/Src/syscalls.o
 .debug_macro   0x000000000001fea2       0x57 ./Core/Src/syscalls.o
 .debug_macro   0x000000000001fef9       0x10 ./Core/Src/syscalls.o
 .debug_macro   0x000000000001ff09       0x10 ./Core/Src/syscalls.o
 .debug_macro   0x000000000001ff19       0x10 ./Core/Src/syscalls.o
 .debug_macro   0x000000000001ff29       0x35 ./Core/Src/syscalls.o
 .debug_macro   0x000000000001ff5e      0x12c ./Core/Src/syscalls.o
 .debug_macro   0x000000000002008a       0x10 ./Core/Src/syscalls.o
 .debug_macro   0x000000000002009a      0x241 ./Core/Src/syscalls.o
 .debug_macro   0x00000000000202db       0x10 ./Core/Src/syscalls.o
 .debug_macro   0x00000000000202eb      0x189 ./Core/Src/syscalls.o
 .debug_macro   0x0000000000020474       0x16 ./Core/Src/syscalls.o
 .debug_macro   0x000000000002048a       0xce ./Core/Src/syscalls.o
 .debug_macro   0x0000000000020558       0xff ./Core/Src/sysmem.o
 .debug_macro   0x0000000000020657      0x23b ./Core/Src/sysmem.o
 .debug_macro   0x0000000000020892      0x1ba ./Core/Src/system_stm32f4xx.o
 .debug_macro   0x0000000000020a4c      0x21a ./Drivers/STM32F4xx_HAL_Driver/Src/stm32f4xx_hal.o
 .debug_macro   0x0000000000020c66      0x1ba ./Drivers/STM32F4xx_HAL_Driver/Src/stm32f4xx_hal_cortex.o
 .debug_macro   0x0000000000020e20      0x1c0 ./Drivers/STM32F4xx_HAL_Driver/Src/stm32f4xx_hal_dma.o
 .debug_macro   0x0000000000020fe0      0x1c0 ./Drivers/STM32F4xx_HAL_Driver/Src/stm32f4xx_hal_gpio.o
 .debug_macro   0x00000000000211a0      0x1de ./Drivers/STM32F4xx_HAL_Driver/Src/stm32f4xx_hal_rcc.o
 .debug_macro   0x000000000002137e      0x1c9 ./Drivers/STM32F4xx_HAL_Driver/Src/stm32f4xx_hal_spi.o
 .debug_macro   0x0000000000021547      0x38c ./nRF24L01p/nrf24l01p.o

.debug_line     0x0000000000000000     0xadde
 .debug_line    0x0000000000000000      0x669 ./Core/Src/dma.o
 .debug_line    0x0000000000000669      0x4cd ./Core/Src/fast_spi.o
 .debug_line    0x0000000000000b36      0x687 ./Core/Src/gpio.o
 .debug_line    0x00000000000011bd      0x9f4 ./Core/Src/main.o
 .debug_line    0x0000000000001bb1      0x709 ./Core/Src/spi.o
 .debug_line    0x00000000000022ba      0x66e ./Core/Src/stm32f4xx_hal_msp.o
 .debug_line    0x0000000000002928      0x760 ./Core/Src/stm32f4xx_it.o
 .debug_line    0x0000000000003088      0x7d1 ./Core/Src/syscalls.o
 .debug_line    0x0000000000003859      0x4c7 ./Core/Src/sysmem.o
 .debug_line    0x0000000000003d20      0x6ef ./Core/Src/system_stm32f4xx.o
 .debug_line    0x000000000000440f       0x88 ./Core/Startup/startup_stm32f407vgtx.o
 .debug_line    0x0000000000004497      0x955 ./Drivers/STM32F4xx_HAL_Driver/Src/stm32f4xx_hal.o
 .debug_line    0x0000000000004dec      0xc04 ./Drivers/STM32F4xx_HAL_Driver/Src/stm32f4xx_hal_cortex.o
 .debug_line    0x00000000000059f0      0xeb9 ./Drivers/STM32F4xx_HAL_Driver/Src/stm32f4xx_hal_dma.o
 .debug_line    0x00000000000068a9      0xac9 ./Drivers/STM32F4xx_HAL_Driver/Src/stm32f4xx_hal_gpio.o
 .debug_line    0x0000000000007372      0xcd1 ./Drivers/STM32F4xx_HAL_Driver/Src/stm32f4xx_hal_rcc.o
 .debug_line    0x0000000000008043     0x1e5a ./Drivers/STM32F4xx_HAL_Driver/Src/stm32f4xx_hal_spi.o
 .debug_line    0x0000000000009e9d      0xf41 ./nRF24L01p/nrf24l01p.o

.debug_str      0x0000000000000000    0xc429c
 .debug_str     0x0000000000000000    0xbc218 ./Core/Src/dma.o